This is pdfTeX, Version 3.141592653-2.6-1.40.28 (MiKTeX 25.12) (preloaded format=pdflatex 2026.3.24)  30 SEP 2026 18:54
entering extended mode
 restricted \write18 enabled.
 file:line:error style messages enabled.
 %&-line parsing enabled.
**c:/Users/hecto/source/repos/HcZalama/MasterThesis_Volatility/main.tex
(c:/Users/hecto/source/repos/HcZalama/MasterThesis_Volatility/main.tex
LaTeX2e <2025-11-01>
L3 programming layer <2025-12-24>
(C:\Users\hecto\AppData\Local\Programs\MiKTeX\tex/latex/base\book.cls
Document Class: book 2025/01/22 v1.4n Standard LaTeX document class
(C:\Users\hecto\AppData\Local\Programs\MiKTeX\tex/latex/base\bk12.clo
File: bk12.clo 2025/01/22 v1.4n Standard LaTeX file (size option)
)
\c@part=\count275
\c@chapter=\count276
\c@section=\count277
\c@subsection=\count278
\c@subsubsection=\count279
\c@paragraph=\count280
\c@subparagraph=\count281
\c@figure=\count282
\c@table=\count283
\abovecaptionskip=\skip49
\belowcaptionskip=\skip50
\bibindent=\dimen148
) (preamble/packages.tex (C:\Users\hecto\AppData\Local\Programs\MiKTeX\tex/generic/babel\babel.sty
Package: babel 2025/12/11 v25.17 The multilingual framework for LuaLaTeX, pdfLaTeX and XeLaTeX
\babel@savecnt=\count284
LaTeX Encoding Info:    Redeclaring text command \ij (encoding OT1) on input line 2068.
LaTeX Encoding Info:    Redeclaring text command \IJ (encoding OT1) on input line 2070.
LaTeX Encoding Info:    Redeclaring text command \ij (encoding T1) on input line 2072.
LaTeX Encoding Info:    Redeclaring text command \IJ (encoding T1) on input line 2073.
LaTeX Encoding Info:    Ignoring declaration for text command \ij (encoding ?) on input line 2074.
LaTeX Encoding Info:    Ignoring declaration for text command \IJ (encoding ?) on input line 2076.
LaTeX Encoding Info:    Ignoring declaration for text command \SS (encoding ?) on input line 2101.
\U@D=\dimen149
\l@unhyphenated=\language79
 (C:\Users\hecto\AppData\Local\Programs\MiKTeX\tex/generic/babel\txtbabel.def)
\bbl@readstream=\read2
\bbl@dirlevel=\count285
Package babel Info: Configuration files are deprecated, as
(babel)             they can break document portability.
(babel)             Reported on input line 4196.

*************************************
* Local config file bblopts.cfg used
*
(C:\Users\hecto\AppData\Local\Programs\MiKTeX\tex/latex/arabi\bblopts.cfg
File: bblopts.cfg 2005/09/08 v0.1 add Arabic and Farsi to "declared" options of babel
) (C:\Users\hecto\AppData\Local\Programs\MiKTeX\tex/generic/babel/locale/en\babel-english.tex)
Package babel Info: Importing font and identification data for english
(babel)             from babel-en.ini. Reported on input line 4320.
 (C:\Users\hecto\AppData\Local\Programs\MiKTeX\tex/latex/babel-english\english.ldf
Language: english 2017/06/06 v3.3r English support from the babel system
Package babel Info: Hyphen rules for 'canadian' set to \l@english
(babel)             (\language0). Reported on input line 102.
Package babel Info: Hyphen rules for 'australian' set to \l@ukenglish
(babel)             (\language73). Reported on input line 105.
Package babel Info: Hyphen rules for 'newzealand' set to \l@ukenglish
(babel)             (\language73). Reported on input line 108.
)) (C:\Users\hecto\AppData\Local\Programs\MiKTeX\tex/latex/graphics\graphicx.sty
Package: graphicx 2024/12/31 v1.2e Enhanced LaTeX Graphics (DPC,SPQR)
 (C:\Users\hecto\AppData\Local\Programs\MiKTeX\tex/latex/graphics\keyval.sty
Package: keyval 2022/05/29 v1.15 key=value parser (DPC)
\KV@toks@=\toks17
) (C:\Users\hecto\AppData\Local\Programs\MiKTeX\tex/latex/graphics\graphics.sty
Package: graphics 2024/08/06 v1.4g Standard LaTeX Graphics (DPC,SPQR)
 (C:\Users\hecto\AppData\Local\Programs\MiKTeX\tex/latex/graphics\trig.sty
Package: trig 2023/12/02 v1.11 sin cos tan (DPC)
) (C:\Users\hecto\AppData\Local\Programs\MiKTeX\tex/latex/graphics-cfg\graphics.cfg
File: graphics.cfg 2016/06/04 v1.11 sample graphics configuration
)
Package graphics Info: Driver file: pdftex.def on input line 106.
 (C:\Users\hecto\AppData\Local\Programs\MiKTeX\tex/latex/graphics-def\pdftex.def
File: pdftex.def 2025/09/29 v1.2d Graphics/color driver for pdftex
))
\Gin@req@height=\dimen150
\Gin@req@width=\dimen151
) (C:\Users\hecto\AppData\Local\Programs\MiKTeX\tex/latex/caption\caption.sty
Package: caption 2023/08/05 v3.6o Customizing captions (AR)
 (C:\Users\hecto\AppData\Local\Programs\MiKTeX\tex/latex/caption\caption3.sty
Package: caption3 2023/07/31 v2.4d caption3 kernel (AR)
\caption@tempdima=\dimen152
\captionmargin=\dimen153
\caption@leftmargin=\dimen154
\caption@rightmargin=\dimen155
\caption@width=\dimen156
\caption@indent=\dimen157
\caption@parindent=\dimen158
\caption@hangindent=\dimen159
Package caption Info: Standard document class detected.
)
\c@caption@flags=\count286
\c@continuedfloat=\count287
) (C:\Users\hecto\AppData\Local\Programs\MiKTeX\tex/latex/float\float.sty
Package: float 2001/11/08 v1.3d Float enhancements (AL)
\c@float@type=\count288
\float@exts=\toks18
\float@box=\box53
\@float@everytoks=\toks19
\@floatcapt=\box54
) (C:\Users\hecto\AppData\Local\Programs\MiKTeX\tex/latex/tools\array.sty
Package: array 2025/09/25 v2.6n Tabular extension package (FMi)
\col@sep=\dimen160
\ar@mcellbox=\box55
\extrarowheight=\dimen161
\NC@list=\toks20
\extratabsurround=\skip51
\backup@length=\skip52
\ar@cellbox=\box56
) (C:\Users\hecto\AppData\Local\Programs\MiKTeX\tex/latex/tools\longtable.sty
Package: longtable 2025-10-13 v4.24 Multi-page Table package (DPC)
\LTleft=\skip53
\LTright=\skip54
\LTpre=\skip55
\LTpost=\skip56
\LTchunksize=\count289
\LTcapwidth=\dimen162
\LT@head=\box57
\LT@firsthead=\box58
\LT@foot=\box59
\LT@lastfoot=\box60
\LT@gbox=\box61
\LT@cols=\count290
\LT@rows=\count291
\c@LT@tables=\count292
\c@LT@chunks=\count293
\LT@p@ftn=\toks21
) (C:\Users\hecto\AppData\Local\Programs\MiKTeX\tex/latex/xcolor\xcolor.sty
Package: xcolor 2024/09/29 v3.02 LaTeX color extensions (UK)
 (C:\Users\hecto\AppData\Local\Programs\MiKTeX\tex/latex/graphics-cfg\color.cfg
File: color.cfg 2016/01/02 v1.6 sample color configuration
)
Package xcolor Info: Driver file: pdftex.def on input line 274.
 (C:\Users\hecto\AppData\Local\Programs\MiKTeX\tex/latex/graphics\mathcolor.ltx)
Package xcolor Info: Model `cmy' substituted by `cmy0' on input line 1349.
Package xcolor Info: Model `hsb' substituted by `rgb' on input line 1353.
Package xcolor Info: Model `RGB' extended on input line 1365.
Package xcolor Info: Model `HTML' substituted by `rgb' on input line 1367.
Package xcolor Info: Model `Hsb' substituted by `hsb' on input line 1368.
Package xcolor Info: Model `tHsb' substituted by `hsb' on input line 1369.
Package xcolor Info: Model `HSB' substituted by `hsb' on input line 1370.
Package xcolor Info: Model `Gray' substituted by `gray' on input line 1371.
Package xcolor Info: Model `wave' substituted by `hsb' on input line 1372.
) (C:\Users\hecto\AppData\Local\Programs\MiKTeX\tex/latex/xcolor\svgnam.def
File: svgnam.def 2024/09/29 v3.02 Predefined colors according to SVG 1.1 (UK)
) (C:\Users\hecto\AppData\Local\Programs\MiKTeX\tex/latex/tools\tabularx.sty
Package: tabularx 2023/12/11 v2.12a `tabularx' package (DPC)
\TX@col@width=\dimen163
\TX@old@table=\dimen164
\TX@old@col=\dimen165
\TX@target=\dimen166
\TX@delta=\dimen167
\TX@cols=\count294
\TX@ftn=\toks22
) (C:\Users\hecto\AppData\Local\Programs\MiKTeX\tex/latex/booktabs\booktabs.sty
Package: booktabs 2020/01/12 v1.61803398 Publication quality tables
\heavyrulewidth=\dimen168
\lightrulewidth=\dimen169
\cmidrulewidth=\dimen170
\belowrulesep=\dimen171
\belowbottomsep=\dimen172
\aboverulesep=\dimen173
\abovetopsep=\dimen174
\cmidrulesep=\dimen175
\cmidrulekern=\dimen176
\defaultaddspace=\dimen177
\@cmidla=\count295
\@cmidlb=\count296
\@aboverulesep=\dimen178
\@belowrulesep=\dimen179
\@thisruleclass=\count297
\@lastruleclass=\count298
\@thisrulewidth=\dimen180
) (C:\Users\hecto\AppData\Local\Programs\MiKTeX\tex/generic/soul\soul.sty
Package: soul 2026-03-06 v3.2 Permit use of UTF-8 characters in soul (HO)
 (C:\Users\hecto\AppData\Local\Programs\MiKTeX\tex/generic/soul\soul-ori.sty
Package: soul-ori 2026-03-06 v3.2 letterspacing/underlining (mf)
\SOUL@word=\toks23
\SOUL@lasttoken=\toks24
\SOUL@syllable=\toks25
\SOUL@cmds=\toks26
\SOUL@buffer=\toks27
\SOUL@token=\toks28
\SOUL@syllgoal=\dimen181
\SOUL@syllwidth=\dimen182
\SOUL@charkern=\dimen183
\SOUL@hyphkern=\dimen184
\SOUL@dimen=\dimen185
\SOUL@dimeni=\dimen186
\SOUL@minus=\count299
\SOUL@comma=\count300
\SOUL@apo=\count301
\SOUL@grave=\count302
\SOUL@spaceskip=\skip57
\SOUL@ttwidth=\dimen187
\SOUL@uldp=\dimen188
\SOUL@ulht=\dimen189
) (C:\Users\hecto\AppData\Local\Programs\MiKTeX\tex/generic/infwarerr\infwarerr.sty
Package: infwarerr 2019/12/03 v1.5 Providing info/warning/error messages (HO)
) (C:\Users\hecto\AppData\Local\Programs\MiKTeX\tex/generic/etexcmds\etexcmds.sty
Package: etexcmds 2019/12/15 v1.7 Avoid name clashes with e-TeX commands (HO)
 (C:\Users\hecto\AppData\Local\Programs\MiKTeX\tex/generic/iftex\iftex.sty
Package: iftex 2024/12/12 v1.0g TeX engine tests
))) (C:\Users\hecto\AppData\Local\Programs\MiKTeX\tex/latex/mathtools\empheq.sty
Package: empheq 2024/08/09 v2.17 Emphasizing equations
 (C:\Users\hecto\AppData\Local\Programs\MiKTeX\tex/latex/mathtools\mhsetup.sty
Package: mhsetup 2021/03/18 v1.4 programming setup (MH)
) (C:\Users\hecto\AppData\Local\Programs\MiKTeX\tex/latex/mathtools\mathtools.sty
Package: mathtools 2024/10/04 v1.31 mathematical typesetting tools
 (C:\Users\hecto\AppData\Local\Programs\MiKTeX\tex/latex/tools\calc.sty
Package: calc 2025/03/01 v4.3b Infix arithmetic (KKT,FJ)
\calc@Acount=\count303
\calc@Bcount=\count304
\calc@Adimen=\dimen190
\calc@Bdimen=\dimen191
\calc@Askip=\skip58
\calc@Bskip=\skip59
LaTeX Info: Redefining \setlength on input line 86.
LaTeX Info: Redefining \addtolength on input line 87.
\calc@Ccount=\count305
\calc@Cskip=\skip60
) (C:\Users\hecto\AppData\Local\Programs\MiKTeX\tex/latex/amsmath\amsmath.sty
Package: amsmath 2025/07/09 v2.17z AMS math features
\@mathmargin=\skip61

For additional information on amsmath, use the `?' option.
(C:\Users\hecto\AppData\Local\Programs\MiKTeX\tex/latex/amsmath\amstext.sty
Package: amstext 2024/11/17 v2.01 AMS text
 (C:\Users\hecto\AppData\Local\Programs\MiKTeX\tex/latex/amsmath\amsgen.sty
File: amsgen.sty 1999/11/30 v2.0 generic functions
\@emptytoks=\toks29
\ex@=\dimen192
)) (C:\Users\hecto\AppData\Local\Programs\MiKTeX\tex/latex/amsmath\amsbsy.sty
Package: amsbsy 1999/11/29 v1.2d Bold Symbols
\pmbraise@=\dimen193
) (C:\Users\hecto\AppData\Local\Programs\MiKTeX\tex/latex/amsmath\amsopn.sty
Package: amsopn 2022/04/08 v2.04 operator names
)
\inf@bad=\count306
LaTeX Info: Redefining \frac on input line 233.
\uproot@=\count307
\leftroot@=\count308
LaTeX Info: Redefining \overline on input line 398.
LaTeX Info: Redefining \colon on input line 409.
\classnum@=\count309
\DOTSCASE@=\count310
LaTeX Info: Redefining \ldots on input line 495.
LaTeX Info: Redefining \dots on input line 498.
LaTeX Info: Redefining \cdots on input line 619.
\Mathstrutbox@=\box62
\strutbox@=\box63
LaTeX Info: Redefining \big on input line 721.
LaTeX Info: Redefining \Big on input line 722.
LaTeX Info: Redefining \bigg on input line 723.
LaTeX Info: Redefining \Bigg on input line 724.
\big@size=\dimen194
LaTeX Font Info:    Redeclaring font encoding OML on input line 742.
LaTeX Font Info:    Redeclaring font encoding OMS on input line 743.
\macc@depth=\count311
LaTeX Info: Redefining \bmod on input line 904.
LaTeX Info: Redefining \pmod on input line 909.
LaTeX Info: Redefining \smash on input line 939.
LaTeX Info: Redefining \relbar on input line 969.
LaTeX Info: Redefining \Relbar on input line 970.
\c@MaxMatrixCols=\count312
\dotsspace@=\muskip17
\c@parentequation=\count313
\dspbrk@lvl=\count314
\tag@help=\toks30
\row@=\count315
\column@=\count316
\maxfields@=\count317
\andhelp@=\toks31
\eqnshift@=\dimen195
\alignsep@=\dimen196
\tagshift@=\dimen197
\tagwidth@=\dimen198
\totwidth@=\dimen199
\lineht@=\dimen256
\@envbody=\toks32
\multlinegap=\skip62
\multlinetaggap=\skip63
\mathdisplay@stack=\toks33
LaTeX Info: Redefining \[ on input line 2950.
LaTeX Info: Redefining \] on input line 2951.
)
\g_MT_multlinerow_int=\count318
\l_MT_multwidth_dim=\dimen257
\origjot=\skip64
\l_MT_shortvdotswithinadjustabove_dim=\dimen258
\l_MT_shortvdotswithinadjustbelow_dim=\dimen259
\l_MT_above_intertext_sep=\dimen260
\l_MT_below_intertext_sep=\dimen261
\l_MT_above_shortintertext_sep=\dimen262
\l_MT_below_shortintertext_sep=\dimen263
\xmathstrut@box=\box64
\xmathstrut@dim=\dimen264
)
\l_EQ_equationtype_int=\count319
\l_EQ_alignmentmode_int=\count320
\l_EQ_totalwidth_dim=\dimen265
\l_EQ_displaywidth_dim=\dimen266
\l_EQ_temp_linewidth_dim=\dimen267
\l_EQ_linewidth_dim=\dimen268
\EmphEqdelimitershortfall=\dimen269
\EmphEqdelimiterfactor=\count321
\g_EQ_toptag_height_dim=\dimen270
\g_EQ_bottomtag_depth_dim=\dimen271
\g_EQ_toprow_height_dim=\dimen272
\g_EQ_bottomrow_depth_dim=\dimen273
\g_EQ_widesttag_dim=\dimen274
\EQ_mathdisplay_box=\box65
\EQ_tag_box=\box66
\g_EQ_temprow_int=\count322
) (C:\Users\hecto\AppData\Local\Programs\MiKTeX\tex/latex/geometry\geometry.sty
Package: geometry 2026/03/07 v6.0 Page Geometry
 (C:\Users\hecto\AppData\Local\Programs\MiKTeX\tex/generic/iftex\ifvtex.sty
Package: ifvtex 2019/10/25 v1.7 ifvtex legacy package. Use iftex instead.
)
\Gm@cnth=\count323
\Gm@cntv=\count324
\c@Gm@tempcnt=\count325
\Gm@bindingoffset=\dimen275
\Gm@wd@mp=\dimen276
\Gm@odd@mp=\dimen277
\Gm@even@mp=\dimen278
\Gm@layoutwidth=\dimen279
\Gm@layoutheight=\dimen280
\Gm@layouthoffset=\dimen281
\Gm@layoutvoffset=\dimen282
\Gm@dimlist=\toks34
 (C:\Users\hecto\AppData\Local\Programs\MiKTeX\tex/latex/geometry\geometry.cfg)) (C:\Users\hecto\AppData\Local\Programs\MiKTeX\tex/latex/fancyhdr\fancyhdr.sty
Package: fancyhdr 2025/02/07 v5.2 Extensive control of page headers and footers
\f@nch@headwidth=\skip65
\f@nch@offset@elh=\skip66
\f@nch@offset@erh=\skip67
\f@nch@offset@olh=\skip68
\f@nch@offset@orh=\skip69
\f@nch@offset@elf=\skip70
\f@nch@offset@erf=\skip71
\f@nch@offset@olf=\skip72
\f@nch@offset@orf=\skip73
\f@nch@height=\skip74
\f@nch@footalignment=\skip75
\f@nch@widthL=\skip76
\f@nch@widthC=\skip77
\f@nch@widthR=\skip78
\@temptokenb=\toks35
) (C:\Users\hecto\AppData\Local\Programs\MiKTeX\tex/latex/doublestroke\dsfont.sty
Package: dsfont 1995/08/01 v0.1 Double stroke roman fonts
) (C:\Users\hecto\AppData\Local\Programs\MiKTeX\tex/latex/lm\lmodern.sty
Package: lmodern 2015/05/01 v1.6.1 Latin Modern Fonts
LaTeX Font Info:    Overwriting symbol font `operators' in version `normal'
(Font)                  OT1/cmr/m/n --> OT1/lmr/m/n on input line 22.
LaTeX Font Info:    Overwriting symbol font `letters' in version `normal'
(Font)                  OML/cmm/m/it --> OML/lmm/m/it on input line 23.
LaTeX Font Info:    Overwriting symbol font `symbols' in version `normal'
(Font)                  OMS/cmsy/m/n --> OMS/lmsy/m/n on input line 24.
LaTeX Font Info:    Overwriting symbol font `largesymbols' in version `normal'
(Font)                  OMX/cmex/m/n --> OMX/lmex/m/n on input line 25.
LaTeX Font Info:    Overwriting symbol font `operators' in version `bold'
(Font)                  OT1/cmr/bx/n --> OT1/lmr/bx/n on input line 26.
LaTeX Font Info:    Overwriting symbol font `letters' in version `bold'
(Font)                  OML/cmm/b/it --> OML/lmm/b/it on input line 27.
LaTeX Font Info:    Overwriting symbol font `symbols' in version `bold'
(Font)                  OMS/cmsy/b/n --> OMS/lmsy/b/n on input line 28.
LaTeX Font Info:    Overwriting symbol font `largesymbols' in version `bold'
(Font)                  OMX/cmex/m/n --> OMX/lmex/m/n on input line 29.
LaTeX Font Info:    Overwriting math alphabet `\mathbf' in version `normal'
(Font)                  OT1/cmr/bx/n --> OT1/lmr/bx/n on input line 31.
LaTeX Font Info:    Overwriting math alphabet `\mathsf' in version `normal'
(Font)                  OT1/cmss/m/n --> OT1/lmss/m/n on input line 32.
LaTeX Font Info:    Overwriting math alphabet `\mathit' in version `normal'
(Font)                  OT1/cmr/m/it --> OT1/lmr/m/it on input line 33.
LaTeX Font Info:    Overwriting math alphabet `\mathtt' in version `normal'
(Font)                  OT1/cmtt/m/n --> OT1/lmtt/m/n on input line 34.
LaTeX Font Info:    Overwriting math alphabet `\mathbf' in version `bold'
(Font)                  OT1/cmr/bx/n --> OT1/lmr/bx/n on input line 35.
LaTeX Font Info:    Overwriting math alphabet `\mathsf' in version `bold'
(Font)                  OT1/cmss/bx/n --> OT1/lmss/bx/n on input line 36.
LaTeX Font Info:    Overwriting math alphabet `\mathit' in version `bold'
(Font)                  OT1/cmr/bx/it --> OT1/lmr/bx/it on input line 37.
LaTeX Font Info:    Overwriting math alphabet `\mathtt' in version `bold'
(Font)                  OT1/cmtt/m/n --> OT1/lmtt/m/n on input line 38.
) (C:\Users\hecto\AppData\Local\Programs\MiKTeX\tex/latex/base\fontenc.sty
Package: fontenc 2025/07/18 v2.1d Standard LaTeX package
LaTeX Font Info:    Trying to load font information for T1+lmr on input line 116.
 (C:\Users\hecto\AppData\Local\Programs\MiKTeX\tex/latex/lm\t1lmr.fd
File: t1lmr.fd 2015/05/01 v1.6.1 Font defs for Latin Modern
)) (C:\Users\hecto\AppData\Local\Programs\MiKTeX\tex/latex/emptypage\emptypage.sty
Package: emptypage 2010/05/30 v1.2 Suppress page numbers and headings on empty pages
) (C:\Users\hecto\AppData\Local\Programs\MiKTeX\tex/latex/etoolbox\etoolbox.sty
Package: etoolbox 2025/10/02 v2.5m e-TeX tools for LaTeX (JAW)
\etb@tempcnta=\count326
) (C:\Users\hecto\AppData\Local\Programs\MiKTeX\tex/latex/amsfonts\amsfonts.sty
Package: amsfonts 2013/01/14 v3.01 Basic AMSFonts support
\symAMSa=\mathgroup4
\symAMSb=\mathgroup5
LaTeX Font Info:    Redeclaring math symbol \hbar on input line 98.
LaTeX Font Info:    Overwriting math alphabet `\mathfrak' in version `bold'
(Font)                  U/euf/m/n --> U/euf/b/n on input line 106.
) (C:\Users\hecto\AppData\Local\Programs\MiKTeX\tex/latex/amsfonts\amssymb.sty
Package: amssymb 2013/01/14 v3.01 AMS font symbols
) (C:\Users\hecto\AppData\Local\Programs\MiKTeX\tex/latex/amscls\amsthm.sty
Package: amsthm 2020/05/29 v2.20.6
\thm@style=\toks36
\thm@bodyfont=\toks37
\thm@headfont=\toks38
\thm@notefont=\toks39
\thm@headpunct=\toks40
\thm@preskip=\skip79
\thm@postskip=\skip80
\thm@headsep=\skip81
\dth@everypar=\toks41
) (C:\Users\hecto\AppData\Local\Programs\MiKTeX\tex/latex/csquotes\csquotes.sty
Package: csquotes 2026-05-19 v5.2p context-sensitive quotations (JAW)
\csq@reset=\count327
\csq@gtype=\count328
\csq@glevel=\count329
\csq@qlevel=\count330
\csq@maxlvl=\count331
\csq@tshold=\count332
\csq@ltx@everypar=\toks42
 (C:\Users\hecto\AppData\Local\Programs\MiKTeX\tex/latex/csquotes\csquotes.def
File: csquotes.def 2026-05-19 v5.2p csquotes generic definitions (JAW)
)
Package csquotes Info: Trying to load configuration file 'csquotes.cfg'...
Package csquotes Info: ... configuration file loaded successfully.
 (C:\Users\hecto\AppData\Local\Programs\MiKTeX\tex/latex/csquotes\csquotes.cfg
File: csquotes.cfg 
)) (C:\Users\hecto\AppData\Local\Programs\MiKTeX\tex/latex/biblatex\biblatex.sty
Package: biblatex 2025/07/10 v3.21 programmable bibliographies (PK/MW)
 (C:\Users\hecto\AppData\Local\Programs\MiKTeX\tex/generic/pdftexcmds\pdftexcmds.sty
Package: pdftexcmds 2020-06-27 v0.33 Utility functions of pdfTeX for LuaTeX (HO)
 (C:\Users\hecto\AppData\Local\Programs\MiKTeX\tex/generic/ltxcmds\ltxcmds.sty
Package: ltxcmds 2023-12-04 v1.26 LaTeX kernel commands for general use (HO)
)
Package pdftexcmds Info: \pdf@primitive is available.
Package pdftexcmds Info: \pdf@ifprimitive is available.
Package pdftexcmds Info: \pdfdraftmode found.
) (C:\Users\hecto\AppData\Local\Programs\MiKTeX\tex/latex/kvoptions\kvoptions.sty
Package: kvoptions 2022-06-15 v3.15 Key value format for package options (HO)
 (C:\Users\hecto\AppData\Local\Programs\MiKTeX\tex/latex/kvsetkeys\kvsetkeys.sty
Package: kvsetkeys 2022-10-05 v1.19 Key value parser (HO)
)) (C:\Users\hecto\AppData\Local\Programs\MiKTeX\tex/latex/logreq\logreq.sty
Package: logreq 2010/08/04 v1.0 xml request logger
\lrq@indent=\count333
 (C:\Users\hecto\AppData\Local\Programs\MiKTeX\tex/latex/logreq\logreq.def
File: logreq.def 2010/08/04 v1.0 logreq spec v1.0
)) (C:\Users\hecto\AppData\Local\Programs\MiKTeX\tex/latex/base\ifthen.sty
Package: ifthen 2024/03/16 v1.1e Standard LaTeX ifthen package (DPC)
) (C:\Users\hecto\AppData\Local\Programs\MiKTeX\tex/latex/url\url.sty
\Urlmuskip=\muskip18
Package: url 2013/09/16  ver 3.4  Verb mode for urls, etc.
)
\c@tabx@nest=\count334
\c@listtotal=\count335
\c@listcount=\count336
\c@liststart=\count337
\c@liststop=\count338
\c@citecount=\count339
\c@citetotal=\count340
\c@multicitecount=\count341
\c@multicitetotal=\count342
\c@instcount=\count343
\c@maxnames=\count344
\c@minnames=\count345
\c@maxitems=\count346
\c@minitems=\count347
\c@citecounter=\count348
\c@maxcitecounter=\count349
\c@savedcitecounter=\count350
\c@uniquelist=\count351
\c@uniquename=\count352
\c@refsection=\count353
\c@refsegment=\count354
\c@maxextratitle=\count355
\c@maxextratitleyear=\count356
\c@maxextraname=\count357
\c@maxextradate=\count358
\c@maxextraalpha=\count359
\c@abbrvpenalty=\count360
\c@highnamepenalty=\count361
\c@lownamepenalty=\count362
\c@maxparens=\count363
\c@parenlevel=\count364
\blx@tempcnta=\count365
\blx@tempcntb=\count366
\blx@tempcntc=\count367
\c@blx@maxsection=\count368
\blx@maxsegment@0=\count369
\blx@notetype=\count370
\blx@parenlevel@text=\count371
\blx@parenlevel@foot=\count372
\blx@sectionciteorder@0=\count373
\blx@sectionciteorderinternal@0=\count374
\blx@entrysetcounter=\count375
\blx@biblioinstance=\count376
\labelnumberwidth=\skip82
\labelalphawidth=\skip83
\biblabelsep=\skip84
\bibitemsep=\skip85
\bibnamesep=\skip86
\bibinitsep=\skip87
\bibparsep=\skip88
\bibhang=\skip89
\blx@bcfin=\read3
\blx@bcfout=\write3
\blx@langwohyphens=\language80
\c@mincomprange=\count377
\c@maxcomprange=\count378
\c@mincompwidth=\count379
Package biblatex Info: Trying to load biblatex default data model...
Package biblatex Info: ... file 'blx-dm.def' found.
 (C:\Users\hecto\AppData\Local\Programs\MiKTeX\tex/latex/biblatex\blx-dm.def
File: blx-dm.def 2025/07/10 v3.21 biblatex datamodel (PK/MW)
)
Package biblatex Info: Trying to load biblatex style data model...
Package biblatex Info: ... file 'numeric.dbx' not found.
Package biblatex Info: Trying to load biblatex custom data model...
Package biblatex Info: ... file 'biblatex-dm.cfg' not found.
\c@afterword=\count380
\c@savedafterword=\count381
\c@annotator=\count382
\c@savedannotator=\count383
\c@author=\count384
\c@savedauthor=\count385
\c@bookauthor=\count386
\c@savedbookauthor=\count387
\c@commentator=\count388
\c@savedcommentator=\count389
\c@editor=\count390
\c@savededitor=\count391
\c@editora=\count392
\c@savededitora=\count393
\c@editorb=\count394
\c@savededitorb=\count395
\c@editorc=\count396
\c@savededitorc=\count397
\c@foreword=\count398
\c@savedforeword=\count399
\c@holder=\count400
\c@savedholder=\count401
\c@introduction=\count402
\c@savedintroduction=\count403
\c@namea=\count404
\c@savednamea=\count405
\c@nameb=\count406
\c@savednameb=\count407
\c@namec=\count408
\c@savednamec=\count409
\c@translator=\count410
\c@savedtranslator=\count411
\c@shortauthor=\count412
\c@savedshortauthor=\count413
\c@shorteditor=\count414
\c@savedshorteditor=\count415
\c@labelname=\count416
\c@savedlabelname=\count417
\c@institution=\count418
\c@savedinstitution=\count419
\c@lista=\count420
\c@savedlista=\count421
\c@listb=\count422
\c@savedlistb=\count423
\c@listc=\count424
\c@savedlistc=\count425
\c@listd=\count426
\c@savedlistd=\count427
\c@liste=\count428
\c@savedliste=\count429
\c@listf=\count430
\c@savedlistf=\count431
\c@location=\count432
\c@savedlocation=\count433
\c@organization=\count434
\c@savedorganization=\count435
\c@origlocation=\count436
\c@savedoriglocation=\count437
\c@origpublisher=\count438
\c@savedorigpublisher=\count439
\c@publisher=\count440
\c@savedpublisher=\count441
\c@language=\count442
\c@savedlanguage=\count443
\c@origlanguage=\count444
\c@savedoriglanguage=\count445
\c@pageref=\count446
\c@savedpageref=\count447
\shorthandwidth=\skip90
\shortjournalwidth=\skip91
\shortserieswidth=\skip92
\shorttitlewidth=\skip93
\shortauthorwidth=\skip94
\shorteditorwidth=\skip95
\locallabelnumberwidth=\skip96
\locallabelalphawidth=\skip97
\localshorthandwidth=\skip98
\localshortjournalwidth=\skip99
\localshortserieswidth=\skip100
\localshorttitlewidth=\skip101
\localshortauthorwidth=\skip102
\localshorteditorwidth=\skip103
Package biblatex Info: Trying to load compatibility code...
Package biblatex Info: ... file 'blx-compat.def' found.
 (C:\Users\hecto\AppData\Local\Programs\MiKTeX\tex/latex/biblatex\blx-compat.def
File: blx-compat.def 2025/07/10 v3.21 biblatex compatibility (PK/MW)
)
Package biblatex Info: Trying to load generic definitions...
Package biblatex Info: ... file 'biblatex.def' found.
 (C:\Users\hecto\AppData\Local\Programs\MiKTeX\tex/latex/biblatex\biblatex.def
File: biblatex.def 2025/07/10 v3.21 biblatex compatibility (PK/MW)
\c@textcitecount=\count448
\c@textcitetotal=\count449
\c@textcitemaxnames=\count450
\c@biburlbigbreakpenalty=\count451
\c@biburlbreakpenalty=\count452
\c@biburlnumpenalty=\count453
\c@biburlucpenalty=\count454
\c@biburllcpenalty=\count455
\biburlbigskip=\muskip19
\biburlnumskip=\muskip20
\biburlucskip=\muskip21
\biburllcskip=\muskip22
\c@smartand=\count456
)
Package biblatex Info: Trying to load bibliography style 'numeric'...
Package biblatex Info: ... file 'numeric.bbx' found.
 (C:\Users\hecto\AppData\Local\Programs\MiKTeX\tex/latex/biblatex/bbx\numeric.bbx
File: numeric.bbx 2025/07/10 v3.21 biblatex bibliography style (PK/MW)
Package biblatex Info: Trying to load bibliography style 'standard'...
Package biblatex Info: ... file 'standard.bbx' found.
 (C:\Users\hecto\AppData\Local\Programs\MiKTeX\tex/latex/biblatex/bbx\standard.bbx
File: standard.bbx 2025/07/10 v3.21 biblatex bibliography style (PK/MW)
\c@bbx:relatedcount=\count457
\c@bbx:relatedtotal=\count458
))
Package biblatex Info: Trying to load citation style 'numeric'...
Package biblatex Info: ... file 'numeric.cbx' found.
 (C:\Users\hecto\AppData\Local\Programs\MiKTeX\tex/latex/biblatex/cbx\numeric.cbx
File: numeric.cbx 2025/07/10 v3.21 biblatex citation style (PK/MW)
Package biblatex Info: Redefining '\cite'.
Package biblatex Info: Redefining '\parencite'.
Package biblatex Info: Redefining '\footcite'.
Package biblatex Info: Redefining '\footcitetext'.
Package biblatex Info: Redefining '\smartcite'.
Package biblatex Info: Redefining '\supercite'.
Package biblatex Info: Redefining '\textcite'.
Package biblatex Info: Redefining '\textcites'.
Package biblatex Info: Redefining '\cites'.
Package biblatex Info: Redefining '\parencites'.
Package biblatex Info: Redefining '\smartcites'.
)
Package biblatex Info: Trying to load configuration file...
Package biblatex Info: ... file 'biblatex.cfg' found.
 (C:\Users\hecto\AppData\Local\Programs\MiKTeX\tex/latex/biblatex\biblatex.cfg
File: biblatex.cfg 
)
Package biblatex Info: Input encoding 'utf8' detected.
Package biblatex Info: Document encoding is UTF8 ....
 (C:\Users\hecto\AppData\Local\Programs\MiKTeX\tex/latex/l3kernel\expl3.sty
Package: expl3 2025-12-24 L3 programming layer (loader) 
 (C:\Users\hecto\AppData\Local\Programs\MiKTeX\tex/latex/l3backend\l3backend-pdftex.def
File: l3backend-pdftex.def 2025-10-09 L3 backend support: PDF output (pdfTeX)
\l__color_backend_stack_int=\count459
))
Package biblatex Info: ... and expl3
(biblatex)             2025-12-24 L3 programming layer (loader) 
(biblatex)             is new enough (at least 2020/04/06),
(biblatex)             setting 'casechanger=expl3'.
 (C:\Users\hecto\AppData\Local\Programs\MiKTeX\tex/latex/biblatex\blx-case-expl3.sty (C:\Users\hecto\AppData\Local\Programs\MiKTeX\tex/latex/l3packages/xparse\xparse.sty
Package: xparse 2025-10-09 L3 Experimental document command parser
)
Package: blx-case-expl3 2025/07/10 v3.21 expl3 case changing code for biblatex
)) (C:\Users\hecto\AppData\Local\Programs\MiKTeX\tex/latex/hyperref\hyperref.sty
Package: hyperref 2025-07-12 v7.01o Hypertext links for LaTeX
 (C:\Users\hecto\AppData\Local\Programs\MiKTeX\tex/generic/kvdefinekeys\kvdefinekeys.sty
Package: kvdefinekeys 2019-12-19 v1.6 Define keys (HO)
) (C:\Users\hecto\AppData\Local\Programs\MiKTeX\tex/generic/pdfescape\pdfescape.sty
Package: pdfescape 2019/12/09 v1.15 Implements pdfTeX's escape features (HO)
) (C:\Users\hecto\AppData\Local\Programs\MiKTeX\tex/latex/hycolor\hycolor.sty
Package: hycolor 2020-01-27 v1.10 Color options for hyperref/bookmark (HO)
) (C:\Users\hecto\AppData\Local\Programs\MiKTeX\tex/latex/hyperref\nameref.sty
Package: nameref 2025-06-21 v2.57 Cross-referencing by name of section
 (C:\Users\hecto\AppData\Local\Programs\MiKTeX\tex/latex/refcount\refcount.sty
Package: refcount 2019/12/15 v3.6 Data extraction from label references (HO)
) (C:\Users\hecto\AppData\Local\Programs\MiKTeX\tex/generic/gettitlestring\gettitlestring.sty
Package: gettitlestring 2019/12/15 v1.6 Cleanup title references (HO)
)
\c@section@level=\count460
) (C:\Users\hecto\AppData\Local\Programs\MiKTeX\tex/generic/stringenc\stringenc.sty
Package: stringenc 2019/11/29 v1.12 Convert strings between diff. encodings (HO)
)
\@linkdim=\dimen283
\Hy@linkcounter=\count461
\Hy@pagecounter=\count462
 (C:\Users\hecto\AppData\Local\Programs\MiKTeX\tex/latex/hyperref\pd1enc.def
File: pd1enc.def 2025-07-12 v7.01o Hyperref: PDFDocEncoding definition (HO)
Now handling font encoding PD1 ...
... no UTF-8 mapping file for font encoding PD1
) (C:\Users\hecto\AppData\Local\Programs\MiKTeX\tex/generic/intcalc\intcalc.sty
Package: intcalc 2019/12/15 v1.3 Expandable calculations with integers (HO)
)
\Hy@SavedSpaceFactor=\count463
 (C:\Users\hecto\AppData\Local\Programs\MiKTeX\tex/latex/hyperref\puenc.def
File: puenc.def 2025-07-12 v7.01o Hyperref: PDF Unicode definition (HO)
Now handling font encoding PU ...
... no UTF-8 mapping file for font encoding PU
)
Package hyperref Info: Option `pdfusetitle' set `true' on input line 4066.
Package hyperref Info: Option `colorlinks' set `false' on input line 4066.
Package hyperref Info: Hyper figures OFF on input line 4195.
Package hyperref Info: Link nesting OFF on input line 4200.
Package hyperref Info: Hyper index ON on input line 4203.
Package hyperref Info: Plain pages OFF on input line 4210.
Package hyperref Info: Backreferencing OFF on input line 4215.
Package hyperref Info: Implicit mode ON; LaTeX internals redefined.
Package hyperref Info: Bookmarks ON on input line 4462.
\c@Hy@tempcnt=\count464
LaTeX Info: Redefining \url on input line 4801.
\XeTeXLinkMargin=\dimen284
 (C:\Users\hecto\AppData\Local\Programs\MiKTeX\tex/generic/bitset\bitset.sty
Package: bitset 2019/12/09 v1.3 Handle bit-vector datatype (HO)
 (C:\Users\hecto\AppData\Local\Programs\MiKTeX\tex/generic/bigintcalc\bigintcalc.sty
Package: bigintcalc 2019/12/15 v1.5 Expandable calculations on big integers (HO)
))
\Fld@menulength=\count465
\Field@Width=\dimen285
\Fld@charsize=\dimen286
Package hyperref Info: Hyper figures OFF on input line 6078.
Package hyperref Info: Link nesting OFF on input line 6083.
Package hyperref Info: Hyper index ON on input line 6086.
Package hyperref Info: backreferencing OFF on input line 6093.
Package hyperref Info: Link coloring OFF on input line 6098.
Package hyperref Info: Link coloring with OCG OFF on input line 6103.
Package hyperref Info: PDF/A mode OFF on input line 6108.
\Hy@abspage=\count466
\c@Item=\count467
\c@Hfootnote=\count468
)
Package hyperref Info: Driver (autodetected): hpdftex.
 (C:\Users\hecto\AppData\Local\Programs\MiKTeX\tex/latex/hyperref\hpdftex.def
File: hpdftex.def 2025-07-12 v7.01o Hyperref driver for pdfTeX
\Fld@listcount=\count469
\c@bookmark@seq@number=\count470
 (C:\Users\hecto\AppData\Local\Programs\MiKTeX\tex/latex/rerunfilecheck\rerunfilecheck.sty
Package: rerunfilecheck 2025-06-21 v1.11 Rerun checks for auxiliary files (HO)
 (C:\Users\hecto\AppData\Local\Programs\MiKTeX\tex/generic/uniquecounter\uniquecounter.sty
Package: uniquecounter 2019/12/15 v1.4 Provide unlimited unique counter (HO)
)
Package uniquecounter Info: New unique counter `rerunfilecheck' on input line 284.
)
\Hy@SectionHShift=\skip104
)) (preamble/layout.tex) (preamble/theorems.tex
\c@result=\count471
) (preamble/notation.tex)
Package csquotes Info: Checking for multilingual support...
Package csquotes Info: ... found 'babel' package.
Package csquotes Info: Adjusting default style.
Package csquotes Info: Redefining alias 'default' -> 'english'.
 (main.aux (chapters/00-introduction.aux) (chapters/01-foundations.aux) (chapters/02-financial.aux) (chapters/03-roughpaths.aux) (chapters/04-applications.aux) (chapters/05-conclusions.aux) (appendix/A-auxiliary.aux) (appendix/B-proofs.aux))
\openout1 = `main.aux'.

LaTeX Font Info:    Checking defaults for OML/cmm/m/it on input line 32.
LaTeX Font Info:    ... okay on input line 32.
LaTeX Font Info:    Checking defaults for OMS/cmsy/m/n on input line 32.
LaTeX Font Info:    ... okay on input line 32.
LaTeX Font Info:    Checking defaults for OT1/cmr/m/n on input line 32.
LaTeX Font Info:    ... okay on input line 32.
LaTeX Font Info:    Checking defaults for T1/cmr/m/n on input line 32.
LaTeX Font Info:    ... okay on input line 32.
LaTeX Font Info:    Checking defaults for TS1/cmr/m/n on input line 32.
LaTeX Font Info:    ... okay on input line 32.
LaTeX Font Info:    Checking defaults for OMX/cmex/m/n on input line 32.
LaTeX Font Info:    ... okay on input line 32.
LaTeX Font Info:    Checking defaults for U/cmr/m/n on input line 32.
LaTeX Font Info:    ... okay on input line 32.
LaTeX Font Info:    Checking defaults for PD1/pdf/m/n on input line 32.
LaTeX Font Info:    ... okay on input line 32.
LaTeX Font Info:    Checking defaults for PU/pdf/m/n on input line 32.
LaTeX Font Info:    ... okay on input line 32.
 (C:\Users\hecto\AppData\Local\Programs\MiKTeX\tex/context/base/mkii\supp-pdf.mkii
[Loading MPS to PDF converter (version 2006.09.02).]
\scratchcounter=\count472
\scratchdimen=\dimen287
\scratchbox=\box67
\nofMPsegments=\count473
\nofMParguments=\count474
\everyMPshowfont=\toks43
\MPscratchCnt=\count475
\MPscratchDim=\dimen288
\MPnumerator=\count476
\makeMPintoPDFobject=\count477
\everyMPtoPDFconversion=\toks44
) (C:\Users\hecto\AppData\Local\Programs\MiKTeX\tex/latex/epstopdf-pkg\epstopdf-base.sty
Package: epstopdf-base 2020-01-24 v2.11 Base part for package epstopdf
Package epstopdf-base Info: Redefining graphics rule for `.eps' on input line 485.
 (C:\Users\hecto\AppData\Local\Programs\MiKTeX\tex/latex/00miktex\epstopdf-sys.cfg
File: epstopdf-sys.cfg 2021/03/18 v2.0 Configuration of epstopdf for MiKTeX
))
Package caption Info: Begin \AtBeginDocument code.
Package caption Info: float package is loaded.
Package caption Info: hyperref package is loaded.
Package caption Info: longtable package is loaded.
 (C:\Users\hecto\AppData\Local\Programs\MiKTeX\tex/latex/caption\ltcaption.sty
Package: ltcaption 2021/01/08 v1.4c longtable captions (AR)
)
Package caption Info: End \AtBeginDocument code.

*geometry* driver: auto-detecting
*geometry* detected driver: pdftex
*geometry* verbose mode - [ preamble ] result:
* driver: pdftex
* paper: a4paper
* layout: <same size as paper>
* layoutoffset:(h,v)=(0.0pt,0.0pt)
* modes: twoside 
* h-part:(L,W,R)=(56.9055pt, 483.69687pt, 56.9055pt)
* v-part:(T,H,B)=(56.9055pt, 714.16402pt, 73.97733pt)
* \paperwidth=597.50787pt
* \paperheight=845.04684pt
* \textwidth=483.69687pt
* \textheight=714.16402pt
* \oddsidemargin=-15.36449pt
* \evensidemargin=-15.36449pt
* \topmargin=-47.23828pt
* \headheight=16.0pt
* \headsep=19.8738pt
* \topskip=12.0pt
* \footskip=36.98866pt
* \marginparwidth=88.0pt
* \marginparsep=7.0pt
* \columnsep=10.0pt
* \skip\footins=10.8pt plus 4.0pt minus 2.0pt
* \hoffset=0.0pt
* \voffset=0.0pt
* \mag=1000
* \@twocolumnfalse
* \@twosidetrue
* \@mparswitchtrue
* \@reversemarginfalse
* (1in=72.27pt=25.4mm, 1cm=28.453pt)

Package biblatex Info: Trying to load language 'english'...
Package biblatex Info: ... file 'english.lbx' found.
(C:\Users\hecto\AppData\Local\Programs\MiKTeX\tex/latex/biblatex/lbx\english.lbx
File: english.lbx 2025/07/10 v3.21 biblatex localization (PK/MW)
)
Package biblatex Info: Input encoding 'utf8' detected.
Package biblatex Info: Automatic encoding selection.
(biblatex)             Assuming data encoding 'utf8'.
\openout3 = `main.bcf'.

Package biblatex Info: Trying to load bibliographic data...
Package biblatex Info: ... file 'main.bbl' found.
 (main.bbl)
Package biblatex Info: Reference section=0 on input line 32.
Package biblatex Info: Reference segment=0 on input line 32.
Package hyperref Info: Link coloring OFF on input line 32.
 (main.out) (main.out)
\@outlinefile=\write4
\openout4 = `main.out'.

 (frontmatter/titlepage.tex
<Images/LOGOUNEDDDD.png, id=414, 296.60812pt x 277.035pt>
File: Images/LOGOUNEDDDD.png Graphic file (type png)
<use Images/LOGOUNEDDDD.png>
Package pdftex.def Info: Images/LOGOUNEDDDD.png  used on input line 11.
(pdftex.def)             Requested size: 170.71652pt x 159.45451pt.
 [1



{C:/Users/hecto/AppData/Local/MiKTeX/fonts/map/pdftex/pdftex.map}{C:/Users/hecto/AppData/Local/Programs/MiKTeX/fonts/enc/dvips/lm/lm-ec.enc} <./Images/LOGOUNEDDDD.png>]) (frontmatter/dedication.tex [2]) (frontmatter/preface.tex) (frontmatter/abstract.tex [3



]) [4

] (main.toc
LaTeX Font Info:    Trying to load font information for OT1+lmr on input line 7.
 (C:\Users\hecto\AppData\Local\Programs\MiKTeX\tex/latex/lm\ot1lmr.fd
File: ot1lmr.fd 2015/05/01 v1.6.1 Font defs for Latin Modern
)
LaTeX Font Info:    Trying to load font information for OML+lmm on input line 7.
 (C:\Users\hecto\AppData\Local\Programs\MiKTeX\tex/latex/lm\omllmm.fd
File: omllmm.fd 2015/05/01 v1.6.1 Font defs for Latin Modern
)
LaTeX Font Info:    Trying to load font information for OMS+lmsy on input line 7.
 (C:\Users\hecto\AppData\Local\Programs\MiKTeX\tex/latex/lm\omslmsy.fd
File: omslmsy.fd 2015/05/01 v1.6.1 Font defs for Latin Modern
)
LaTeX Font Info:    Trying to load font information for OMX+lmex on input line 7.
 (C:\Users\hecto\AppData\Local\Programs\MiKTeX\tex/latex/lm\omxlmex.fd
File: omxlmex.fd 2015/05/01 v1.6.1 Font defs for Latin Modern
)
LaTeX Font Info:    External font `lmex10' loaded for size
(Font)              <12> on input line 7.
LaTeX Font Info:    External font `lmex10' loaded for size
(Font)              <8> on input line 7.
LaTeX Font Info:    External font `lmex10' loaded for size
(Font)              <6> on input line 7.
LaTeX Font Info:    Trying to load font information for U+msa on input line 7.
 (C:\Users\hecto\AppData\Local\Programs\MiKTeX\tex/latex/amsfonts\umsa.fd
File: umsa.fd 2013/01/14 v3.01 AMS symbols A
)
LaTeX Font Info:    Trying to load font information for U+msb on input line 7.
 (C:\Users\hecto\AppData\Local\Programs\MiKTeX\tex/latex/amsfonts\umsb.fd
File: umsb.fd 2013/01/14 v3.01 AMS symbols B
)
File: Images/LOGOUNEDDDD.png Graphic file (type png)
<use Images/LOGOUNEDDDD.png>
Package pdftex.def Info: Images/LOGOUNEDDDD.png  used on input line 25.
(pdftex.def)             Requested size: 17.62474pt x 16.46074pt.
 [5] [6] [7])
\tf@toc=\write5
\openout5 = `main.toc'.

 [8{C:/Users/hecto/AppData/Local/Programs/MiKTeX/fonts/enc/dvips/lm/lm-mathit.enc}{C:/Users/hecto/AppData/Local/Programs/MiKTeX/fonts/enc/dvips/lm/lm-rm.enc}{C:/Users/hecto/AppData/Local/Programs/MiKTeX/fonts/enc/dvips/lm/lm-mathsy.enc}] (main.lof)
\tf@lof=\write6
\openout6 = `main.lof'.

 [9

] [10

] (main.lot)
\tf@lot=\write7
\openout7 = `main.lot'.

 [11] (frontmatter/notation-table.tex
Underfull \hbox (badness 10000) in alignment at lines 31--35
[] []
 []


Underfull \hbox (badness 10000) in alignment at lines 35--37
[] []
 []

LaTeX Font Info:    External font `lmex10' loaded for size
(Font)              <10.95> on input line 38.
LaTeX Font Info:    Trying to load font information for U+dsrom on input line 44.
(C:\Users\hecto\AppData\Local\Programs\MiKTeX\tex/latex/doublestroke\udsrom.fd
File: Udsrom.fd 1995/08/01 v0.1 Double stroke roman font definitions
)
Underfull \hbox (badness 10000) in alignment at lines 37--93
[] []
 []

[12])
\openout2 = `chapters/00-introduction.aux'.

 (chapters/00-introduction.tex
File: Images/LOGOUNEDDDD.png Graphic file (type png)
<use Images/LOGOUNEDDDD.png>
Package pdftex.def Info: Images/LOGOUNEDDDD.png  used on input line 32.
(pdftex.def)             Requested size: 17.62474pt x 16.46074pt.
 [13



]
Overfull \hbox (0.74715pt too wide) in paragraph at lines 52--53
\T1/lmr/m/n/12 math-e-mat-i-cal ob-ject took shape grad-u-ally, but it was Kiyoshi Itô's work on \T1/lmr/m/it/12 stochas-tic in-te-gra-tion
 []

)
File: Images/LOGOUNEDDDD.png Graphic file (type png)
<use Images/LOGOUNEDDDD.png>
Package pdftex.def Info: Images/LOGOUNEDDDD.png  used on input line 88.
(pdftex.def)             Requested size: 17.62474pt x 16.46074pt.
 [14] [1




] [2]
\openout2 = `chapters/01-foundations.aux'.

 (chapters/01-foundations.tex
Chapter 1.
LaTeX Font Info:    Trying to load font information for TS1+lmr on input line 54.
(C:\Users\hecto\AppData\Local\Programs\MiKTeX\tex/latex/lm\ts1lmr.fd
File: ts1lmr.fd 2015/05/01 v1.6.1 Font defs for Latin Modern
)
File: Images/LOGOUNEDDDD.png Graphic file (type png)
<use Images/LOGOUNEDDDD.png>
Package pdftex.def Info: Images/LOGOUNEDDDD.png  used on input line 55.
(pdftex.def)             Requested size: 17.62474pt x 16.46074pt.
 [3


]
File: Images/LOGOUNEDDDD.png Graphic file (type png)
<use Images/LOGOUNEDDDD.png>
Package pdftex.def Info: Images/LOGOUNEDDDD.png  used on input line 110.
(pdftex.def)             Requested size: 17.62474pt x 16.46074pt.
 [4{C:/Users/hecto/AppData/Local/Programs/MiKTeX/fonts/enc/dvips/lm/lm-ts1.enc}{C:/Users/hecto/AppData/Local/Programs/MiKTeX/fonts/enc/dvips/lm/lm-mathex.enc}]
File: Images/LOGOUNEDDDD.png Graphic file (type png)
<use Images/LOGOUNEDDDD.png>
Package pdftex.def Info: Images/LOGOUNEDDDD.png  used on input line 181.
(pdftex.def)             Requested size: 17.62474pt x 16.46074pt.
 [5]
File: Images/LOGOUNEDDDD.png Graphic file (type png)
<use Images/LOGOUNEDDDD.png>
Package pdftex.def Info: Images/LOGOUNEDDDD.png  used on input line 242.
(pdftex.def)             Requested size: 17.62474pt x 16.46074pt.
 [6]
File: Images/LOGOUNEDDDD.png Graphic file (type png)
<use Images/LOGOUNEDDDD.png>
Package pdftex.def Info: Images/LOGOUNEDDDD.png  used on input line 295.
(pdftex.def)             Requested size: 17.62474pt x 16.46074pt.
 [7]
File: Images/LOGOUNEDDDD.png Graphic file (type png)
<use Images/LOGOUNEDDDD.png>
Package pdftex.def Info: Images/LOGOUNEDDDD.png  used on input line 341.
(pdftex.def)             Requested size: 17.62474pt x 16.46074pt.
 [8]
File: Images/LOGOUNEDDDD.png Graphic file (type png)
<use Images/LOGOUNEDDDD.png>
Package pdftex.def Info: Images/LOGOUNEDDDD.png  used on input line 415.
(pdftex.def)             Requested size: 17.62474pt x 16.46074pt.
 [9]
File: Images/LOGOUNEDDDD.png Graphic file (type png)
<use Images/LOGOUNEDDDD.png>
Package pdftex.def Info: Images/LOGOUNEDDDD.png  used on input line 494.
(pdftex.def)             Requested size: 17.62474pt x 16.46074pt.
 [10]
LaTeX Font Info:    External font `lmex10' loaded for size
(Font)              <10> on input line 519.
LaTeX Font Info:    External font `lmex10' loaded for size
(Font)              <7> on input line 519.
LaTeX Font Info:    External font `lmex10' loaded for size
(Font)              <5> on input line 519.
File: Images/LOGOUNEDDDD.png Graphic file (type png)
<use Images/LOGOUNEDDDD.png>
Package pdftex.def Info: Images/LOGOUNEDDDD.png  used on input line 523.
(pdftex.def)             Requested size: 17.62474pt x 16.46074pt.
 [11]
File: Images/LOGOUNEDDDD.png Graphic file (type png)
<use Images/LOGOUNEDDDD.png>
Package pdftex.def Info: Images/LOGOUNEDDDD.png  used on input line 582.
(pdftex.def)             Requested size: 17.62474pt x 16.46074pt.
 [12]
File: Images/LOGOUNEDDDD.png Graphic file (type png)
<use Images/LOGOUNEDDDD.png>
Package pdftex.def Info: Images/LOGOUNEDDDD.png  used on input line 704.
(pdftex.def)             Requested size: 17.62474pt x 16.46074pt.
 [13]
File: Images/LOGOUNEDDDD.png Graphic file (type png)
<use Images/LOGOUNEDDDD.png>
Package pdftex.def Info: Images/LOGOUNEDDDD.png  used on input line 750.
(pdftex.def)             Requested size: 17.62474pt x 16.46074pt.
 [14]
Overfull \hbox (3.41333pt too wide) in paragraph at lines 777--785
[]\T1/lmr/m/n/12 The dis-tinc-tion be-tween $\OT1/lmr/m/n/12 [\OML/lmm/m/it/12 M\OT1/lmr/m/n/12 ]$ \T1/lmr/m/n/12 and $\OMS/lmsy/m/n/12 h\OML/lmm/m/it/12 M\OMS/lmsy/m/n/12 i$ \T1/lmr/m/n/12 is gen-uine for pro-cesses with jumps: there $\OT1/lmr/m/n/12 [\OML/lmm/m/it/12 M\OT1/lmr/m/n/12 ]$ \T1/lmr/m/n/12 ac-cu-mu-lates
 []

File: Images/LOGOUNEDDDD.png Graphic file (type png)
<use Images/LOGOUNEDDDD.png>
Package pdftex.def Info: Images/LOGOUNEDDDD.png  used on input line 833.
(pdftex.def)             Requested size: 17.62474pt x 16.46074pt.
[15]
File: Images/LOGOUNEDDDD.png Graphic file (type png)
<use Images/LOGOUNEDDDD.png>
Package pdftex.def Info: Images/LOGOUNEDDDD.png  used on input line 899.
(pdftex.def)             Requested size: 17.62474pt x 16.46074pt.
 [16]
Overfull \hbox (4.66284pt too wide) in paragraph at lines 954--963
\T1/lmr/m/n/12 Def-i-ni-tion []1.35[] pre-scribe, for ev-ery fi-nite set of times $\OML/lmm/m/it/12 t[] < [] < t[]$\T1/lmr/m/n/12 , the joint law of $\OT1/lmr/m/n/12 (\OML/lmm/m/it/12 W[]; [] ; W[]\OT1/lmr/m/n/12 )$\T1/lmr/m/n/12 :
 []

File: Images/LOGOUNEDDDD.png Graphic file (type png)
<use Images/LOGOUNEDDDD.png>
Package pdftex.def Info: Images/LOGOUNEDDDD.png  used on input line 963.
(pdftex.def)             Requested size: 17.62474pt x 16.46074pt.
[17]
File: Images/LOGOUNEDDDD.png Graphic file (type png)
<use Images/LOGOUNEDDDD.png>
Package pdftex.def Info: Images/LOGOUNEDDDD.png  used on input line 1029.
(pdftex.def)             Requested size: 17.62474pt x 16.46074pt.
 [18]
File: Images/LOGOUNEDDDD.png Graphic file (type png)
<use Images/LOGOUNEDDDD.png>
Package pdftex.def Info: Images/LOGOUNEDDDD.png  used on input line 1108.
(pdftex.def)             Requested size: 17.62474pt x 16.46074pt.
 [19]
<Images/reflection.pdf, id=958, 470.54347pt x 245.9589pt>
File: Images/reflection.pdf Graphic file (type pdf)
<use Images/reflection.pdf>
Package pdftex.def Info: Images/reflection.pdf  used on input line 1133.
(pdftex.def)             Requested size: 396.63496pt x 207.32838pt.
File: Images/LOGOUNEDDDD.png Graphic file (type png)
<use Images/LOGOUNEDDDD.png>
Package pdftex.def Info: Images/LOGOUNEDDDD.png  used on input line 1154.
(pdftex.def)             Requested size: 17.62474pt x 16.46074pt.
 [20 <./Images/reflection.pdf>]
<Images/bm-variation.pdf, id=1026, 470.18498pt x 188.42395pt>
File: Images/bm-variation.pdf Graphic file (type pdf)
<use Images/bm-variation.pdf>
Package pdftex.def Info: Images/bm-variation.pdf  used on input line 1194.
(pdftex.def)             Requested size: 483.69687pt x 193.84882pt.

Overfull \hbox (2.29619pt too wide) in paragraph at lines 1203--1205
[]\T1/lmr/m/n/12 The same com-pe-ti-tion can be ex-pressed more finely by ask-ing, not whether the sum of in-cre-ments
 []

File: Images/LOGOUNEDDDD.png Graphic file (type png)
<use Images/LOGOUNEDDDD.png>
Package pdftex.def Info: Images/LOGOUNEDDDD.png  used on input line 1237.
(pdftex.def)             Requested size: 17.62474pt x 16.46074pt.
[21]
Overfull \hbox (2.68861pt too wide) in paragraph at lines 1293--1294
\T1/lmr/m/n/12 Stochastic cal-cu-lus is a broad area of math-e-mat-ics which al-lows, among other things, ran-dom-ness
 []

File: Images/LOGOUNEDDDD.png Graphic file (type png)
<use Images/LOGOUNEDDDD.png>
Package pdftex.def Info: Images/LOGOUNEDDDD.png  used on input line 1301.
(pdftex.def)             Requested size: 17.62474pt x 16.46074pt.
[22 <./Images/bm-variation.pdf>]
File: Images/LOGOUNEDDDD.png Graphic file (type png)
<use Images/LOGOUNEDDDD.png>
Package pdftex.def Info: Images/LOGOUNEDDDD.png  used on input line 1348.
(pdftex.def)             Requested size: 17.62474pt x 16.46074pt.
 [23]
File: Images/LOGOUNEDDDD.png Graphic file (type png)
<use Images/LOGOUNEDDDD.png>
Package pdftex.def Info: Images/LOGOUNEDDDD.png  used on input line 1413.
(pdftex.def)             Requested size: 17.62474pt x 16.46074pt.
 [24]
File: Images/LOGOUNEDDDD.png Graphic file (type png)
<use Images/LOGOUNEDDDD.png>
Package pdftex.def Info: Images/LOGOUNEDDDD.png  used on input line 1475.
(pdftex.def)             Requested size: 17.62474pt x 16.46074pt.
 [25]
File: Images/LOGOUNEDDDD.png Graphic file (type png)
<use Images/LOGOUNEDDDD.png>
Package pdftex.def Info: Images/LOGOUNEDDDD.png  used on input line 1543.
(pdftex.def)             Requested size: 17.62474pt x 16.46074pt.
 [26]
File: Images/LOGOUNEDDDD.png Graphic file (type png)
<use Images/LOGOUNEDDDD.png>
Package pdftex.def Info: Images/LOGOUNEDDDD.png  used on input line 1600.
(pdftex.def)             Requested size: 17.62474pt x 16.46074pt.
 [27]

Package caption Warning: The option `hypcap=true' will be ignored for this
(caption)                particular \caption on input line 1647.
See the caption package documentation for explanation.

File: Images/LOGOUNEDDDD.png Graphic file (type png)
<use Images/LOGOUNEDDDD.png>
Package pdftex.def Info: Images/LOGOUNEDDDD.png  used on input line 1676.
(pdftex.def)             Requested size: 17.62474pt x 16.46074pt.
[28]
File: Images/LOGOUNEDDDD.png Graphic file (type png)
<use Images/LOGOUNEDDDD.png>
Package pdftex.def Info: Images/LOGOUNEDDDD.png  used on input line 1728.
(pdftex.def)             Requested size: 17.62474pt x 16.46074pt.
 [29]
File: Images/LOGOUNEDDDD.png Graphic file (type png)
<use Images/LOGOUNEDDDD.png>
Package pdftex.def Info: Images/LOGOUNEDDDD.png  used on input line 1773.
(pdftex.def)             Requested size: 17.62474pt x 16.46074pt.
 [30]
File: Images/LOGOUNEDDDD.png Graphic file (type png)
<use Images/LOGOUNEDDDD.png>
Package pdftex.def Info: Images/LOGOUNEDDDD.png  used on input line 1836.
(pdftex.def)             Requested size: 17.62474pt x 16.46074pt.
 [31]
File: Images/LOGOUNEDDDD.png Graphic file (type png)
<use Images/LOGOUNEDDDD.png>
Package pdftex.def Info: Images/LOGOUNEDDDD.png  used on input line 1902.
(pdftex.def)             Requested size: 17.62474pt x 16.46074pt.
 [32]
File: Images/LOGOUNEDDDD.png Graphic file (type png)
<use Images/LOGOUNEDDDD.png>
Package pdftex.def Info: Images/LOGOUNEDDDD.png  used on input line 1963.
(pdftex.def)             Requested size: 17.62474pt x 16.46074pt.
 [33]
File: Images/LOGOUNEDDDD.png Graphic file (type png)
<use Images/LOGOUNEDDDD.png>
Package pdftex.def Info: Images/LOGOUNEDDDD.png  used on input line 2032.
(pdftex.def)             Requested size: 17.62474pt x 16.46074pt.
 [34]

Package caption Warning: The option `hypcap=true' will be ignored for this
(caption)                particular \caption on input line 2069.
See the caption package documentation for explanation.

File: Images/LOGOUNEDDDD.png Graphic file (type png)
<use Images/LOGOUNEDDDD.png>
Package pdftex.def Info: Images/LOGOUNEDDDD.png  used on input line 2113.
(pdftex.def)             Requested size: 17.62474pt x 16.46074pt.
[35]
File: Images/LOGOUNEDDDD.png Graphic file (type png)
<use Images/LOGOUNEDDDD.png>
Package pdftex.def Info: Images/LOGOUNEDDDD.png  used on input line 2173.
(pdftex.def)             Requested size: 17.62474pt x 16.46074pt.
 [36]
File: Images/LOGOUNEDDDD.png Graphic file (type png)
<use Images/LOGOUNEDDDD.png>
Package pdftex.def Info: Images/LOGOUNEDDDD.png  used on input line 2236.
(pdftex.def)             Requested size: 17.62474pt x 16.46074pt.
 [37]
File: Images/LOGOUNEDDDD.png Graphic file (type png)
<use Images/LOGOUNEDDDD.png>
Package pdftex.def Info: Images/LOGOUNEDDDD.png  used on input line 2310.
(pdftex.def)             Requested size: 17.62474pt x 16.46074pt.
 [38]
File: Images/LOGOUNEDDDD.png Graphic file (type png)
<use Images/LOGOUNEDDDD.png>
Package pdftex.def Info: Images/LOGOUNEDDDD.png  used on input line 2376.
(pdftex.def)             Requested size: 17.62474pt x 16.46074pt.
 [39]
File: Images/LOGOUNEDDDD.png Graphic file (type png)
<use Images/LOGOUNEDDDD.png>
Package pdftex.def Info: Images/LOGOUNEDDDD.png  used on input line 2431.
(pdftex.def)             Requested size: 17.62474pt x 16.46074pt.
 [40]
File: Images/LOGOUNEDDDD.png Graphic file (type png)
<use Images/LOGOUNEDDDD.png>
Package pdftex.def Info: Images/LOGOUNEDDDD.png  used on input line 2481.
(pdftex.def)             Requested size: 17.62474pt x 16.46074pt.
 [41]
Overfull \hbox (2.94942pt too wide) in paragraph at lines 2496--2497
\T1/lmr/m/it/12 and lin-ear growth con-di-tions. Then the Kol-mogorov for-ward equa-tion has a unique so-lu-tion. 
 []


Package caption Warning: The option `hypcap=true' will be ignored for this
(caption)                particular \caption on input line 2512.
See the caption package documentation for explanation.

<Images/forward-backward.pdf, id=1403, 470.27693pt x 195.0745pt>
File: Images/forward-backward.pdf Graphic file (type pdf)
<use Images/forward-backward.pdf>
Package pdftex.def Info: Images/forward-backward.pdf  used on input line 2520.
(pdftex.def)             Requested size: 483.69687pt x 200.65213pt.
File: Images/LOGOUNEDDDD.png Graphic file (type png)
<use Images/LOGOUNEDDDD.png>
Package pdftex.def Info: Images/LOGOUNEDDDD.png  used on input line 2541.
(pdftex.def)             Requested size: 17.62474pt x 16.46074pt.
[42]
File: Images/LOGOUNEDDDD.png Graphic file (type png)
<use Images/LOGOUNEDDDD.png>
Package pdftex.def Info: Images/LOGOUNEDDDD.png  used on input line 2580.
(pdftex.def)             Requested size: 17.62474pt x 16.46074pt.
 [43 <./Images/forward-backward.pdf>])
File: Images/LOGOUNEDDDD.png Graphic file (type png)
<use Images/LOGOUNEDDDD.png>
Package pdftex.def Info: Images/LOGOUNEDDDD.png  used on input line 103.
(pdftex.def)             Requested size: 17.62474pt x 16.46074pt.
 [44]
\openout2 = `chapters/02-financial.aux'.

 (chapters/02-financial.tex
Chapter 2.
File: Images/LOGOUNEDDDD.png Graphic file (type png)
<use Images/LOGOUNEDDDD.png>
Package pdftex.def Info: Images/LOGOUNEDDDD.png  used on input line 29.
(pdftex.def)             Requested size: 17.62474pt x 16.46074pt.
[45




]
File: Images/LOGOUNEDDDD.png Graphic file (type png)
<use Images/LOGOUNEDDDD.png>
Package pdftex.def Info: Images/LOGOUNEDDDD.png  used on input line 101.
(pdftex.def)             Requested size: 17.62474pt x 16.46074pt.
 [46]
File: Images/LOGOUNEDDDD.png Graphic file (type png)
<use Images/LOGOUNEDDDD.png>
Package pdftex.def Info: Images/LOGOUNEDDDD.png  used on input line 133.
(pdftex.def)             Requested size: 17.62474pt x 16.46074pt.
 [47]
File: Images/LOGOUNEDDDD.png Graphic file (type png)
<use Images/LOGOUNEDDDD.png>
Package pdftex.def Info: Images/LOGOUNEDDDD.png  used on input line 180.
(pdftex.def)             Requested size: 17.62474pt x 16.46074pt.
 [48]
Overfull \hbox (6.50494pt too wide) in paragraph at lines 190--192
[][]\T1/lmr/bx/n/12 Definition 2.3 \T1/lmr/m/n/12 (Equiv-a-lent Lo-cal Mar-tin-gale Mea-sure)\T1/lmr/bx/n/12 . []\T1/lmr/m/n/12 A prob-a-bil-ity mea-sure $\U/msb/m/n/12 Q$ \T1/lmr/m/n/12 is an \T1/lmr/m/it/12 equiv-a-lent
 []


Overfull \hbox (2.9166pt too wide) in paragraph at lines 213--214
[]\T1/lmr/m/n/12 Completeness is de-fined above by quan-ti-fy-ing over $\OML/lmm/m/it/12 L[]\OT1/lmr/m/n/12 (\OMS/lmsy/m/n/12 F[]\OT1/lmr/m/n/12 )$\T1/lmr/m/n/12 , which is the Delbaen--Schachermayer
 []

File: Images/LOGOUNEDDDD.png Graphic file (type png)
<use Images/LOGOUNEDDDD.png>
Package pdftex.def Info: Images/LOGOUNEDDDD.png  used on input line 215.
(pdftex.def)             Requested size: 17.62474pt x 16.46074pt.
[49]
File: Images/LOGOUNEDDDD.png Graphic file (type png)
<use Images/LOGOUNEDDDD.png>
Package pdftex.def Info: Images/LOGOUNEDDDD.png  used on input line 253.
(pdftex.def)             Requested size: 17.62474pt x 16.46074pt.
 [50]
File: Images/LOGOUNEDDDD.png Graphic file (type png)
<use Images/LOGOUNEDDDD.png>
Package pdftex.def Info: Images/LOGOUNEDDDD.png  used on input line 337.
(pdftex.def)             Requested size: 17.62474pt x 16.46074pt.
 [51]
File: Images/LOGOUNEDDDD.png Graphic file (type png)
<use Images/LOGOUNEDDDD.png>
Package pdftex.def Info: Images/LOGOUNEDDDD.png  used on input line 411.
(pdftex.def)             Requested size: 17.62474pt x 16.46074pt.
 [52]
File: Images/LOGOUNEDDDD.png Graphic file (type png)
<use Images/LOGOUNEDDDD.png>
Package pdftex.def Info: Images/LOGOUNEDDDD.png  used on input line 464.
(pdftex.def)             Requested size: 17.62474pt x 16.46074pt.
 [53]
File: Images/LOGOUNEDDDD.png Graphic file (type png)
<use Images/LOGOUNEDDDD.png>
Package pdftex.def Info: Images/LOGOUNEDDDD.png  used on input line 534.
(pdftex.def)             Requested size: 17.62474pt x 16.46074pt.
 [54]
File: Images/LOGOUNEDDDD.png Graphic file (type png)
<use Images/LOGOUNEDDDD.png>
Package pdftex.def Info: Images/LOGOUNEDDDD.png  used on input line 600.
(pdftex.def)             Requested size: 17.62474pt x 16.46074pt.
 [55]
File: Images/LOGOUNEDDDD.png Graphic file (type png)
<use Images/LOGOUNEDDDD.png>
Package pdftex.def Info: Images/LOGOUNEDDDD.png  used on input line 654.
(pdftex.def)             Requested size: 17.62474pt x 16.46074pt.
 [56]
<Images/smile-skew.pdf, id=1723, 470.27693pt x 188.0626pt>
File: Images/smile-skew.pdf Graphic file (type pdf)
<use Images/smile-skew.pdf>
Package pdftex.def Info: Images/smile-skew.pdf  used on input line 685.
(pdftex.def)             Requested size: 483.69687pt x 193.43976pt.

Overfull \hbox (3.66815pt too wide) in paragraph at lines 694--697
\T1/lmr/m/n/12 risk-neutral dis-tri-bu-tion is not log-normal, and the fol-low-ing clas-si-cal re-sult makes the con-nec-tion
 []

File: Images/LOGOUNEDDDD.png Graphic file (type png)
<use Images/LOGOUNEDDDD.png>
Package pdftex.def Info: Images/LOGOUNEDDDD.png  used on input line 719.
(pdftex.def)             Requested size: 17.62474pt x 16.46074pt.
[57]
File: Images/LOGOUNEDDDD.png Graphic file (type png)
<use Images/LOGOUNEDDDD.png>
Package pdftex.def Info: Images/LOGOUNEDDDD.png  used on input line 759.
(pdftex.def)             Requested size: 17.62474pt x 16.46074pt.
 [58 <./Images/smile-skew.pdf>]
File: Images/LOGOUNEDDDD.png Graphic file (type png)
<use Images/LOGOUNEDDDD.png>
Package pdftex.def Info: Images/LOGOUNEDDDD.png  used on input line 817.
(pdftex.def)             Requested size: 17.62474pt x 16.46074pt.
 [59]
Underfull \vbox (badness 4108) has occurred while \output is active []

File: Images/LOGOUNEDDDD.png Graphic file (type png)
<use Images/LOGOUNEDDDD.png>
Package pdftex.def Info: Images/LOGOUNEDDDD.png  used on input line 919.
(pdftex.def)             Requested size: 17.62474pt x 16.46074pt.
 [60]
File: Images/LOGOUNEDDDD.png Graphic file (type png)
<use Images/LOGOUNEDDDD.png>
Package pdftex.def Info: Images/LOGOUNEDDDD.png  used on input line 999.
(pdftex.def)             Requested size: 17.62474pt x 16.46074pt.
 [61]
File: Images/LOGOUNEDDDD.png Graphic file (type png)
<use Images/LOGOUNEDDDD.png>
Package pdftex.def Info: Images/LOGOUNEDDDD.png  used on input line 1078.
(pdftex.def)             Requested size: 17.62474pt x 16.46074pt.
 [62]
Overfull \hbox (2.8847pt too wide) in paragraph at lines 1121--1124
[]\T1/lmr/m/n/12 The holder may ex-er-cise at any stop-ping time of her choos-ing, and will choose the one max-imis-ing
 []

File: Images/LOGOUNEDDDD.png Graphic file (type png)
<use Images/LOGOUNEDDDD.png>
Package pdftex.def Info: Images/LOGOUNEDDDD.png  used on input line 1129.
(pdftex.def)             Requested size: 17.62474pt x 16.46074pt.
[63]
LaTeX Font Info:    Trying to load font information for U+euf on input line 1149.
 (C:\Users\hecto\AppData\Local\Programs\MiKTeX\tex/latex/amsfonts\ueuf.fd
File: ueuf.fd 2013/01/14 v3.01 Euler Fraktur
)
Overfull \hbox (1.83925pt too wide) in paragraph at lines 1173--1176
[]\T1/lmr/m/n/12 Translating The-o-rem []2.20[] into the lan-guage of par-tial dif-fer-en-tial equa-tions gives a free bound-ary
 []

File: Images/LOGOUNEDDDD.png Graphic file (type png)
<use Images/LOGOUNEDDDD.png>
Package pdftex.def Info: Images/LOGOUNEDDDD.png  used on input line 1205.
(pdftex.def)             Requested size: 17.62474pt x 16.46074pt.
[64])
File: Images/LOGOUNEDDDD.png Graphic file (type png)
<use Images/LOGOUNEDDDD.png>
Package pdftex.def Info: Images/LOGOUNEDDDD.png  used on input line 104.
(pdftex.def)             Requested size: 17.62474pt x 16.46074pt.
 [65] [66



] [67] [68]
\openout2 = `chapters/03-roughpaths.aux'.

 (chapters/03-roughpaths.tex
Chapter 3.
File: Images/LOGOUNEDDDD.png Graphic file (type png)
<use Images/LOGOUNEDDDD.png>
Package pdftex.def Info: Images/LOGOUNEDDDD.png  used on input line 41.
(pdftex.def)             Requested size: 17.62474pt x 16.46074pt.
[69


]
File: Images/LOGOUNEDDDD.png Graphic file (type png)
<use Images/LOGOUNEDDDD.png>
Package pdftex.def Info: Images/LOGOUNEDDDD.png  used on input line 110.
(pdftex.def)             Requested size: 17.62474pt x 16.46074pt.
 [70]
File: Images/LOGOUNEDDDD.png Graphic file (type png)
<use Images/LOGOUNEDDDD.png>
Package pdftex.def Info: Images/LOGOUNEDDDD.png  used on input line 165.
(pdftex.def)             Requested size: 17.62474pt x 16.46074pt.
 [71]
File: Images/LOGOUNEDDDD.png Graphic file (type png)
<use Images/LOGOUNEDDDD.png>
Package pdftex.def Info: Images/LOGOUNEDDDD.png  used on input line 240.
(pdftex.def)             Requested size: 17.62474pt x 16.46074pt.
 [72]
File: Images/LOGOUNEDDDD.png Graphic file (type png)
<use Images/LOGOUNEDDDD.png>
Package pdftex.def Info: Images/LOGOUNEDDDD.png  used on input line 320.
(pdftex.def)             Requested size: 17.62474pt x 16.46074pt.
 [73]
File: Images/LOGOUNEDDDD.png Graphic file (type png)
<use Images/LOGOUNEDDDD.png>
Package pdftex.def Info: Images/LOGOUNEDDDD.png  used on input line 390.
(pdftex.def)             Requested size: 17.62474pt x 16.46074pt.
 [74]
File: Images/LOGOUNEDDDD.png Graphic file (type png)
<use Images/LOGOUNEDDDD.png>
Package pdftex.def Info: Images/LOGOUNEDDDD.png  used on input line 452.
(pdftex.def)             Requested size: 17.62474pt x 16.46074pt.
 [75]
File: Images/LOGOUNEDDDD.png Graphic file (type png)
<use Images/LOGOUNEDDDD.png>
Package pdftex.def Info: Images/LOGOUNEDDDD.png  used on input line 528.
(pdftex.def)             Requested size: 17.62474pt x 16.46074pt.
 [76]
File: Images/LOGOUNEDDDD.png Graphic file (type png)
<use Images/LOGOUNEDDDD.png>
Package pdftex.def Info: Images/LOGOUNEDDDD.png  used on input line 599.
(pdftex.def)             Requested size: 17.62474pt x 16.46074pt.
 [77]
File: Images/LOGOUNEDDDD.png Graphic file (type png)
<use Images/LOGOUNEDDDD.png>
Package pdftex.def Info: Images/LOGOUNEDDDD.png  used on input line 694.
(pdftex.def)             Requested size: 17.62474pt x 16.46074pt.
 [78]
File: Images/LOGOUNEDDDD.png Graphic file (type png)
<use Images/LOGOUNEDDDD.png>
Package pdftex.def Info: Images/LOGOUNEDDDD.png  used on input line 764.
(pdftex.def)             Requested size: 17.62474pt x 16.46074pt.
 [79]
File: Images/LOGOUNEDDDD.png Graphic file (type png)
<use Images/LOGOUNEDDDD.png>
Package pdftex.def Info: Images/LOGOUNEDDDD.png  used on input line 839.
(pdftex.def)             Requested size: 17.62474pt x 16.46074pt.
 [80]
File: Images/LOGOUNEDDDD.png Graphic file (type png)
<use Images/LOGOUNEDDDD.png>
Package pdftex.def Info: Images/LOGOUNEDDDD.png  used on input line 914.
(pdftex.def)             Requested size: 17.62474pt x 16.46074pt.
 [81]
File: Images/LOGOUNEDDDD.png Graphic file (type png)
<use Images/LOGOUNEDDDD.png>
Package pdftex.def Info: Images/LOGOUNEDDDD.png  used on input line 986.
(pdftex.def)             Requested size: 17.62474pt x 16.46074pt.
 [82]
File: Images/LOGOUNEDDDD.png Graphic file (type png)
<use Images/LOGOUNEDDDD.png>
Package pdftex.def Info: Images/LOGOUNEDDDD.png  used on input line 1043.
(pdftex.def)             Requested size: 17.62474pt x 16.46074pt.
 [83]
File: Images/LOGOUNEDDDD.png Graphic file (type png)
<use Images/LOGOUNEDDDD.png>
Package pdftex.def Info: Images/LOGOUNEDDDD.png  used on input line 1111.
(pdftex.def)             Requested size: 17.62474pt x 16.46074pt.
 [84]
File: Images/LOGOUNEDDDD.png Graphic file (type png)
<use Images/LOGOUNEDDDD.png>
Package pdftex.def Info: Images/LOGOUNEDDDD.png  used on input line 1174.
(pdftex.def)             Requested size: 17.62474pt x 16.46074pt.
 [85]
File: Images/LOGOUNEDDDD.png Graphic file (type png)
<use Images/LOGOUNEDDDD.png>
Package pdftex.def Info: Images/LOGOUNEDDDD.png  used on input line 1243.
(pdftex.def)             Requested size: 17.62474pt x 16.46074pt.
 [86]
File: Images/LOGOUNEDDDD.png Graphic file (type png)
<use Images/LOGOUNEDDDD.png>
Package pdftex.def Info: Images/LOGOUNEDDDD.png  used on input line 1308.
(pdftex.def)             Requested size: 17.62474pt x 16.46074pt.
 [87]
File: Images/LOGOUNEDDDD.png Graphic file (type png)
<use Images/LOGOUNEDDDD.png>
Package pdftex.def Info: Images/LOGOUNEDDDD.png  used on input line 1420.
(pdftex.def)             Requested size: 17.62474pt x 16.46074pt.
 [88]
File: Images/LOGOUNEDDDD.png Graphic file (type png)
<use Images/LOGOUNEDDDD.png>
Package pdftex.def Info: Images/LOGOUNEDDDD.png  used on input line 1493.
(pdftex.def)             Requested size: 17.62474pt x 16.46074pt.
 [89]
File: Images/LOGOUNEDDDD.png Graphic file (type png)
<use Images/LOGOUNEDDDD.png>
Package pdftex.def Info: Images/LOGOUNEDDDD.png  used on input line 1559.
(pdftex.def)             Requested size: 17.62474pt x 16.46074pt.
 [90]
File: Images/LOGOUNEDDDD.png Graphic file (type png)
<use Images/LOGOUNEDDDD.png>
Package pdftex.def Info: Images/LOGOUNEDDDD.png  used on input line 1662.
(pdftex.def)             Requested size: 17.62474pt x 16.46074pt.
 [91]
Overfull \hbox (11.33711pt too wide) in paragraph at lines 1745--1752
[]\T1/lmr/m/n/12 At $\OML/lmm/m/it/12 H \OT1/lmr/m/n/12 = []$ \T1/lmr/m/n/12 the en-try reads $[]\OML/lmm/m/it/12 ^^[[]T$\T1/lmr/m/n/12 , which is the level-two term of Fawcett's for-mula $\U/msb/m/n/12 E[]\OT1/lmr/m/n/12 S(\OT1/lmr/bx/n/12 W[]\OT1/lmr/m/n/12 )[][] =
 []

File: Images/LOGOUNEDDDD.png Graphic file (type png)
<use Images/LOGOUNEDDDD.png>
Package pdftex.def Info: Images/LOGOUNEDDDD.png  used on input line 1752.
(pdftex.def)             Requested size: 17.62474pt x 16.46074pt.
[92]
File: Images/LOGOUNEDDDD.png Graphic file (type png)
<use Images/LOGOUNEDDDD.png>
Package pdftex.def Info: Images/LOGOUNEDDDD.png  used on input line 1824.
(pdftex.def)             Requested size: 17.62474pt x 16.46074pt.
 [93]
File: Images/LOGOUNEDDDD.png Graphic file (type png)
<use Images/LOGOUNEDDDD.png>
Package pdftex.def Info: Images/LOGOUNEDDDD.png  used on input line 1907.
(pdftex.def)             Requested size: 17.62474pt x 16.46074pt.
 [94]
File: Images/LOGOUNEDDDD.png Graphic file (type png)
<use Images/LOGOUNEDDDD.png>
Package pdftex.def Info: Images/LOGOUNEDDDD.png  used on input line 1985.
(pdftex.def)             Requested size: 17.62474pt x 16.46074pt.
 [95]
File: Images/LOGOUNEDDDD.png Graphic file (type png)
<use Images/LOGOUNEDDDD.png>
Package pdftex.def Info: Images/LOGOUNEDDDD.png  used on input line 2065.
(pdftex.def)             Requested size: 17.62474pt x 16.46074pt.
 [96]
Overfull \hbox (8.32387pt too wide) in paragraph at lines 2091--2092
[][]\T1/lmr/bx/n/12 Corollary 3.71 \T1/lmr/m/n/12 (A scale-free es-ti-ma-tor of the Hurst pa-ram-e-ter)\T1/lmr/bx/n/12 . []\T1/lmr/m/it/12 With the no-ta-tion of Propo-si-tion
 []

File: Images/LOGOUNEDDDD.png Graphic file (type png)
<use Images/LOGOUNEDDDD.png>
Package pdftex.def Info: Images/LOGOUNEDDDD.png  used on input line 2179.
(pdftex.def)             Requested size: 17.62474pt x 16.46074pt.
[97]
File: Images/LOGOUNEDDDD.png Graphic file (type png)
<use Images/LOGOUNEDDDD.png>
Package pdftex.def Info: Images/LOGOUNEDDDD.png  used on input line 2329.
(pdftex.def)             Requested size: 17.62474pt x 16.46074pt.
 [98]
File: Images/LOGOUNEDDDD.png Graphic file (type png)
<use Images/LOGOUNEDDDD.png>
Package pdftex.def Info: Images/LOGOUNEDDDD.png  used on input line 2402.
(pdftex.def)             Requested size: 17.62474pt x 16.46074pt.
 [99]
File: Images/LOGOUNEDDDD.png Graphic file (type png)
<use Images/LOGOUNEDDDD.png>
Package pdftex.def Info: Images/LOGOUNEDDDD.png  used on input line 2645.
(pdftex.def)             Requested size: 17.62474pt x 16.46074pt.
 [100])
File: Images/LOGOUNEDDDD.png Graphic file (type png)
<use Images/LOGOUNEDDDD.png>
Package pdftex.def Info: Images/LOGOUNEDDDD.png  used on input line 110.
(pdftex.def)             Requested size: 17.62474pt x 16.46074pt.
 [101]
\openout2 = `chapters/04-applications.aux'.

 (chapters/04-applications.tex [102




]
Chapter 4.
File: Images/LOGOUNEDDDD.png Graphic file (type png)
<use Images/LOGOUNEDDDD.png>
Package pdftex.def Info: Images/LOGOUNEDDDD.png  used on input line 60.
(pdftex.def)             Requested size: 17.62474pt x 16.46074pt.
[103]
File: Images/LOGOUNEDDDD.png Graphic file (type png)
<use Images/LOGOUNEDDDD.png>
Package pdftex.def Info: Images/LOGOUNEDDDD.png  used on input line 116.
(pdftex.def)             Requested size: 17.62474pt x 16.46074pt.
 [104]
Overfull \hbox (2.0562pt too wide) in paragraph at lines 154--157
\T1/lmr/m/n/12 in which the cur-va-ture ap-pears ex-actly once, lin-early, and with a pos-i-tive sign. Two con-se-quences
 []


Overfull \hbox (5.78656pt too wide) in paragraph at lines 176--178
[][]\T1/lmr/m/it/12 Remark \T1/lmr/m/n/12 4.4\T1/lmr/m/it/12 . []\T1/lmr/m/n/12 In [] the cur-va-ture term $\OML/lmm/m/it/12 T^^[[] ^^[[]$ \T1/lmr/m/n/12 is lin-ear in $\OML/lmm/m/it/12 ^^[[]$ \T1/lmr/m/n/12 with a \T1/lmr/m/it/12 pos-i-tive \T1/lmr/m/n/12 co-ef-fi-cient.
 []

File: Images/LOGOUNEDDDD.png Graphic file (type png)
<use Images/LOGOUNEDDDD.png>
Package pdftex.def Info: Images/LOGOUNEDDDD.png  used on input line 217.
(pdftex.def)             Requested size: 17.62474pt x 16.46074pt.
[105]
File: Images/LOGOUNEDDDD.png Graphic file (type png)
<use Images/LOGOUNEDDDD.png>
Package pdftex.def Info: Images/LOGOUNEDDDD.png  used on input line 271.
(pdftex.def)             Requested size: 17.62474pt x 16.46074pt.
 [106]
File: Images/LOGOUNEDDDD.png Graphic file (type png)
<use Images/LOGOUNEDDDD.png>
Package pdftex.def Info: Images/LOGOUNEDDDD.png  used on input line 334.
(pdftex.def)             Requested size: 17.62474pt x 16.46074pt.
 [107]
File: Images/LOGOUNEDDDD.png Graphic file (type png)
<use Images/LOGOUNEDDDD.png>
Package pdftex.def Info: Images/LOGOUNEDDDD.png  used on input line 406.
(pdftex.def)             Requested size: 17.62474pt x 16.46074pt.
 [108]
File: Images/LOGOUNEDDDD.png Graphic file (type png)
<use Images/LOGOUNEDDDD.png>
Package pdftex.def Info: Images/LOGOUNEDDDD.png  used on input line 487.
(pdftex.def)             Requested size: 17.62474pt x 16.46074pt.
 [109]
File: Images/LOGOUNEDDDD.png Graphic file (type png)
<use Images/LOGOUNEDDDD.png>
Package pdftex.def Info: Images/LOGOUNEDDDD.png  used on input line 584.
(pdftex.def)             Requested size: 17.62474pt x 16.46074pt.
 [110]
File: Images/LOGOUNEDDDD.png Graphic file (type png)
<use Images/LOGOUNEDDDD.png>
Package pdftex.def Info: Images/LOGOUNEDDDD.png  used on input line 744.
(pdftex.def)             Requested size: 17.62474pt x 16.46074pt.
 [111]
File: Images/LOGOUNEDDDD.png Graphic file (type png)
<use Images/LOGOUNEDDDD.png>
Package pdftex.def Info: Images/LOGOUNEDDDD.png  used on input line 997.
(pdftex.def)             Requested size: 17.62474pt x 16.46074pt.
 [112]
Overfull \hbox (6.43501pt too wide) in paragraph at lines 1045--1086
 [][] 
 []


Underfull \vbox (badness 2269) has occurred while \output is active []

File: Images/LOGOUNEDDDD.png Graphic file (type png)
<use Images/LOGOUNEDDDD.png>
Package pdftex.def Info: Images/LOGOUNEDDDD.png  used on input line 1101.
(pdftex.def)             Requested size: 17.62474pt x 16.46074pt.
 [113]
File: Images/LOGOUNEDDDD.png Graphic file (type png)
<use Images/LOGOUNEDDDD.png>
Package pdftex.def Info: Images/LOGOUNEDDDD.png  used on input line 1148.
(pdftex.def)             Requested size: 17.62474pt x 16.46074pt.
 [114]
<Images/surface_pinn.png, id=3016, 706.89093pt x 574.39594pt>
File: Images/surface_pinn.png Graphic file (type png)
<use Images/surface_pinn.png>
Package pdftex.def Info: Images/surface_pinn.png  used on input line 1188.
(pdftex.def)             Requested size: 222.5038pt x 180.79544pt.

Underfull \hbox (badness 4156) in paragraph at lines 1189--1189
[]\T1/lmr/m/n/12 Figure 4.1: |Im-plied volatil-ity sur-face
 []


Overfull \hbox (14.86873pt too wide) in paragraph at lines 1201--1211
 [][] 
 []


Overfull \hbox (5.94943pt too wide) in paragraph at lines 1215--1230
 [][] 
 []


Underfull \hbox (badness 2529) in paragraph at lines 1230--1230
[]\T1/lmr/m/n/12 Table 4.2: |Cal-i-bra-tion Sum-mary & Smile
 []

File: Images/LOGOUNEDDDD.png Graphic file (type png)
<use Images/LOGOUNEDDDD.png>
Package pdftex.def Info: Images/LOGOUNEDDDD.png  used on input line 1283.
(pdftex.def)             Requested size: 17.62474pt x 16.46074pt.
[115 <./Images/surface_pinn.png>]
File: Images/LOGOUNEDDDD.png Graphic file (type png)
<use Images/LOGOUNEDDDD.png>
Package pdftex.def Info: Images/LOGOUNEDDDD.png  used on input line 1414.
(pdftex.def)             Requested size: 17.62474pt x 16.46074pt.
 [116]
File: Images/LOGOUNEDDDD.png Graphic file (type png)
<use Images/LOGOUNEDDDD.png>
Package pdftex.def Info: Images/LOGOUNEDDDD.png  used on input line 1567.
(pdftex.def)             Requested size: 17.62474pt x 16.46074pt.
 [117]
<Images/rh-smiles.pdf, id=3075, 470.22244pt x 277.97249pt>
File: Images/rh-smiles.pdf Graphic file (type pdf)
<use Images/rh-smiles.pdf>
Package pdftex.def Info: Images/rh-smiles.pdf  used on input line 1645.
(pdftex.def)             Requested size: 483.69687pt x 285.93736pt.

Underfull \vbox (badness 10000) has occurred while \output is active []

File: Images/LOGOUNEDDDD.png Graphic file (type png)
<use Images/LOGOUNEDDDD.png>
Package pdftex.def Info: Images/LOGOUNEDDDD.png  used on input line 1686.
(pdftex.def)             Requested size: 17.62474pt x 16.46074pt.
 [118 <./Images/rh-smiles.pdf>]
File: Images/LOGOUNEDDDD.png Graphic file (type png)
<use Images/LOGOUNEDDDD.png>
Package pdftex.def Info: Images/LOGOUNEDDDD.png  used on input line 1735.
(pdftex.def)             Requested size: 17.62474pt x 16.46074pt.
 [119]
File: Images/LOGOUNEDDDD.png Graphic file (type png)
<use Images/LOGOUNEDDDD.png>
Package pdftex.def Info: Images/LOGOUNEDDDD.png  used on input line 1791.
(pdftex.def)             Requested size: 17.62474pt x 16.46074pt.
 [120]
<Images/rh-identification.pdf, id=3162, 469.43379pt x 177.38081pt>
File: Images/rh-identification.pdf Graphic file (type pdf)
<use Images/rh-identification.pdf>
Package pdftex.def Info: Images/rh-identification.pdf  used on input line 1813.
(pdftex.def)             Requested size: 483.69687pt x 182.78004pt.
File: Images/LOGOUNEDDDD.png Graphic file (type png)
<use Images/LOGOUNEDDDD.png>
Package pdftex.def Info: Images/LOGOUNEDDDD.png  used on input line 1845.
(pdftex.def)             Requested size: 17.62474pt x 16.46074pt.
 [121 <./Images/rh-identification.pdf>]
File: Images/LOGOUNEDDDD.png Graphic file (type png)
<use Images/LOGOUNEDDDD.png>
Package pdftex.def Info: Images/LOGOUNEDDDD.png  used on input line 1911.
(pdftex.def)             Requested size: 17.62474pt x 16.46074pt.
 [122]
Underfull \vbox (badness 10000) has occurred while \output is active []

File: Images/LOGOUNEDDDD.png Graphic file (type png)
<use Images/LOGOUNEDDDD.png>
Package pdftex.def Info: Images/LOGOUNEDDDD.png  used on input line 1988.
(pdftex.def)             Requested size: 17.62474pt x 16.46074pt.
 [123]
<Images/pinn-heston-compare.pdf, id=3284, 444.90971pt x 309.78154pt>
File: Images/pinn-heston-compare.pdf Graphic file (type pdf)
<use Images/pinn-heston-compare.pdf>
Package pdftex.def Info: Images/pinn-heston-compare.pdf  used on input line 1991.
(pdftex.def)             Requested size: 483.69687pt x 336.78543pt.
File: Images/LOGOUNEDDDD.png Graphic file (type png)
<use Images/LOGOUNEDDDD.png>
Package pdftex.def Info: Images/LOGOUNEDDDD.png  used on input line 2008.
(pdftex.def)             Requested size: 17.62474pt x 16.46074pt.
 [124 <./Images/pinn-heston-compare.pdf>]
File: Images/LOGOUNEDDDD.png Graphic file (type png)
<use Images/LOGOUNEDDDD.png>
Package pdftex.def Info: Images/LOGOUNEDDDD.png  used on input line 2105.
(pdftex.def)             Requested size: 17.62474pt x 16.46074pt.
 [125]
File: Images/LOGOUNEDDDD.png Graphic file (type png)
<use Images/LOGOUNEDDDD.png>
Package pdftex.def Info: Images/LOGOUNEDDDD.png  used on input line 2204.
(pdftex.def)             Requested size: 17.62474pt x 16.46074pt.
 [126]
<Images/levy-lag.pdf, id=3390, 470.1565pt x 195.65096pt>
File: Images/levy-lag.pdf Graphic file (type pdf)
<use Images/levy-lag.pdf>
Package pdftex.def Info: Images/levy-lag.pdf  used on input line 2257.
(pdftex.def)             Requested size: 483.69687pt x 201.29584pt.
File: Images/LOGOUNEDDDD.png Graphic file (type png)
<use Images/LOGOUNEDDDD.png>
Package pdftex.def Info: Images/LOGOUNEDDDD.png  used on input line 2292.
(pdftex.def)             Requested size: 17.62474pt x 16.46074pt.
 [127]
File: Images/LOGOUNEDDDD.png Graphic file (type png)
<use Images/LOGOUNEDDDD.png>
Package pdftex.def Info: Images/LOGOUNEDDDD.png  used on input line 2329.
(pdftex.def)             Requested size: 17.62474pt x 16.46074pt.
 [128 <./Images/levy-lag.pdf>]
File: Images/LOGOUNEDDDD.png Graphic file (type png)
<use Images/LOGOUNEDDDD.png>
Package pdftex.def Info: Images/LOGOUNEDDDD.png  used on input line 2481.
(pdftex.def)             Requested size: 17.62474pt x 16.46074pt.
 [129])
File: Images/LOGOUNEDDDD.png Graphic file (type png)
<use Images/LOGOUNEDDDD.png>
Package pdftex.def Info: Images/LOGOUNEDDDD.png  used on input line 111.
(pdftex.def)             Requested size: 17.62474pt x 16.46074pt.
 [130]
\openout2 = `chapters/05-conclusions.aux'.

 (chapters/05-conclusions.tex
Underfull \vbox (badness 10000) has occurred while \output is active []

File: Images/LOGOUNEDDDD.png Graphic file (type png)
<use Images/LOGOUNEDDDD.png>
Package pdftex.def Info: Images/LOGOUNEDDDD.png  used on input line 67.
(pdftex.def)             Requested size: 17.62474pt x 16.46074pt.
 [131




])
File: Images/LOGOUNEDDDD.png Graphic file (type png)
<use Images/LOGOUNEDDDD.png>
Package pdftex.def Info: Images/LOGOUNEDDDD.png  used on input line 112.
(pdftex.def)             Requested size: 17.62474pt x 16.46074pt.
 [132]
\openout2 = `appendix/A-auxiliary.aux'.

 (appendix/A-auxiliary.tex
Appendix A.
File: Images/LOGOUNEDDDD.png Graphic file (type png)
<use Images/LOGOUNEDDDD.png>
Package pdftex.def Info: Images/LOGOUNEDDDD.png  used on input line 31.
(pdftex.def)             Requested size: 17.62474pt x 16.46074pt.
[133




]
File: Images/LOGOUNEDDDD.png Graphic file (type png)
<use Images/LOGOUNEDDDD.png>
Package pdftex.def Info: Images/LOGOUNEDDDD.png  used on input line 96.
(pdftex.def)             Requested size: 17.62474pt x 16.46074pt.
 [134]
File: Images/LOGOUNEDDDD.png Graphic file (type png)
<use Images/LOGOUNEDDDD.png>
Package pdftex.def Info: Images/LOGOUNEDDDD.png  used on input line 153.
(pdftex.def)             Requested size: 17.62474pt x 16.46074pt.
 [135])
File: Images/LOGOUNEDDDD.png Graphic file (type png)
<use Images/LOGOUNEDDDD.png>
Package pdftex.def Info: Images/LOGOUNEDDDD.png  used on input line 116.
(pdftex.def)             Requested size: 17.62474pt x 16.46074pt.
 [136]
File: Images/LOGOUNEDDDD.png Graphic file (type png)
<use Images/LOGOUNEDDDD.png>
Package pdftex.def Info: Images/LOGOUNEDDDD.png  used on input line 116.
(pdftex.def)             Requested size: 17.62474pt x 16.46074pt.
 [137]
\openout2 = `appendix/B-proofs.aux'.

 (appendix/B-proofs.tex [138




]
Appendix B.
LaTeX Font Info:    External font `lmex10' loaded for size
(Font)              <17.28> on input line 35.
File: Images/LOGOUNEDDDD.png Graphic file (type png)
<use Images/LOGOUNEDDDD.png>
Package pdftex.def Info: Images/LOGOUNEDDDD.png  used on input line 42.
(pdftex.def)             Requested size: 17.62474pt x 16.46074pt.
[139]
File: Images/LOGOUNEDDDD.png Graphic file (type png)
<use Images/LOGOUNEDDDD.png>
Package pdftex.def Info: Images/LOGOUNEDDDD.png  used on input line 101.
(pdftex.def)             Requested size: 17.62474pt x 16.46074pt.
 [140]
File: Images/LOGOUNEDDDD.png Graphic file (type png)
<use Images/LOGOUNEDDDD.png>
Package pdftex.def Info: Images/LOGOUNEDDDD.png  used on input line 155.
(pdftex.def)             Requested size: 17.62474pt x 16.46074pt.
 [141]
File: Images/LOGOUNEDDDD.png Graphic file (type png)
<use Images/LOGOUNEDDDD.png>
Package pdftex.def Info: Images/LOGOUNEDDDD.png  used on input line 211.
(pdftex.def)             Requested size: 17.62474pt x 16.46074pt.
 [142]
File: Images/LOGOUNEDDDD.png Graphic file (type png)
<use Images/LOGOUNEDDDD.png>
Package pdftex.def Info: Images/LOGOUNEDDDD.png  used on input line 279.
(pdftex.def)             Requested size: 17.62474pt x 16.46074pt.
 [143]
File: Images/LOGOUNEDDDD.png Graphic file (type png)
<use Images/LOGOUNEDDDD.png>
Package pdftex.def Info: Images/LOGOUNEDDDD.png  used on input line 349.
(pdftex.def)             Requested size: 17.62474pt x 16.46074pt.
 [144]
Overfull \hbox (10.08734pt too wide) in paragraph at lines 350--350
[]\T1/lmr/bx/n/17.28 Existence & unique-ness (rough dif-fer-en-tial equa-tions) 
 []

File: Images/LOGOUNEDDDD.png Graphic file (type png)
<use Images/LOGOUNEDDDD.png>
Package pdftex.def Info: Images/LOGOUNEDDDD.png  used on input line 405.
(pdftex.def)             Requested size: 17.62474pt x 16.46074pt.
[145]
File: Images/LOGOUNEDDDD.png Graphic file (type png)
<use Images/LOGOUNEDDDD.png>
Package pdftex.def Info: Images/LOGOUNEDDDD.png  used on input line 473.
(pdftex.def)             Requested size: 17.62474pt x 16.46074pt.
 [146]
File: Images/LOGOUNEDDDD.png Graphic file (type png)
<use Images/LOGOUNEDDDD.png>
Package pdftex.def Info: Images/LOGOUNEDDDD.png  used on input line 539.
(pdftex.def)             Requested size: 17.62474pt x 16.46074pt.
 [147])
File: Images/LOGOUNEDDDD.png Graphic file (type png)
<use Images/LOGOUNEDDDD.png>
Package pdftex.def Info: Images/LOGOUNEDDDD.png  used on input line 117.
(pdftex.def)             Requested size: 17.62474pt x 16.46074pt.
 [148]
LaTeX Font Info:    Trying to load font information for T1+lmtt on input line 121.
 (C:\Users\hecto\AppData\Local\Programs\MiKTeX\tex/latex/lm\t1lmtt.fd
File: t1lmtt.fd 2015/05/01 v1.6.1 Font defs for Latin Modern
)
File: Images/LOGOUNEDDDD.png Graphic file (type png)
<use Images/LOGOUNEDDDD.png>
Package pdftex.def Info: Images/LOGOUNEDDDD.png  used on input line 121.
(pdftex.def)             Requested size: 17.62474pt x 16.46074pt.
 [149



]
File: Images/LOGOUNEDDDD.png Graphic file (type png)
<use Images/LOGOUNEDDDD.png>
Package pdftex.def Info: Images/LOGOUNEDDDD.png  used on input line 121.
(pdftex.def)             Requested size: 17.62474pt x 16.46074pt.
 [150]
File: Images/LOGOUNEDDDD.png Graphic file (type png)
<use Images/LOGOUNEDDDD.png>
Package pdftex.def Info: Images/LOGOUNEDDDD.png  used on input line 121.
(pdftex.def)             Requested size: 17.62474pt x 16.46074pt.
 [151]
File: Images/LOGOUNEDDDD.png Graphic file (type png)
<use Images/LOGOUNEDDDD.png>
Package pdftex.def Info: Images/LOGOUNEDDDD.png  used on input line 121.
(pdftex.def)             Requested size: 17.62474pt x 16.46074pt.
 [152]
File: Images/LOGOUNEDDDD.png Graphic file (type png)
<use Images/LOGOUNEDDDD.png>
Package pdftex.def Info: Images/LOGOUNEDDDD.png  used on input line 123.
(pdftex.def)             Requested size: 17.62474pt x 16.46074pt.
 [153] (main.aux (chapters/00-introduction.aux) (chapters/01-foundations.aux) (chapters/02-financial.aux) (chapters/03-roughpaths.aux) (chapters/04-applications.aux) (chapters/05-conclusions.aux) (appendix/A-auxiliary.aux) (appendix/B-proofs.aux))
 ***********
LaTeX2e <2025-11-01>
L3 programming layer <2025-12-24>
 ***********
Package rerunfilecheck Info: File `main.out' has not changed.
(rerunfilecheck)             Checksum: B776BAD69BABAEE653629120FFFC4C89;19687.
Package logreq Info: Writing requests to 'main.run.xml'.
\openout1 = `main.run.xml'.

 ) 
Here is how much of TeX's memory you used:
 25982 strings out of 467871
 463482 string characters out of 5418376
 1360276 words of memory out of 5000000
 53519 multiletter control sequences out of 15000+600000
 766683 words of font info for 132 fonts, out of 8000000 for 9000
 1141 hyphenation exceptions out of 8191
 89i,18n,96p,1406b,2316s stack positions out of 10000i,1000n,20000p,200000b,200000s
<C:/Users/hecto/AppData/Local/Programs/MiKTeX/fonts/type1/public/doublestroke/dsrom10.pfb><C:/Users/hecto/AppData/Local/Programs/MiKTeX/fonts/type1/public/doublestroke/dsrom12.pfb><C:/Users/hecto/AppData/Local/Programs/MiKTeX/fonts/type1/public/amsfonts/euler/eufm10.pfb><C:/Users/hecto/AppData/Local/Programs/MiKTeX/fonts/type1/public/lm/lmbx10.pfb><C:/Users/hecto/AppData/Local/Programs/MiKTeX/fonts/type1/public/lm/lmbx12.pfb><C:/Users/hecto/AppData/Local/Programs/MiKTeX/fonts/type1/public/lm/lmbx8.pfb><C:/Users/hecto/AppData/Local/Programs/MiKTeX/fonts/type1/public/lm/lmbxi10.pfb><C:/Users/hecto/AppData/Local/Programs/MiKTeX/fonts/type1/public/lm/lmcsc10.pfb><C:/Users/hecto/AppData/Local/Programs/MiKTeX/fonts/type1/public/lm/lmex10.pfb><C:/Users/hecto/AppData/Local/Programs/MiKTeX/fonts/type1/public/lm/lmmi10.pfb><C:/Users/hecto/AppData/Local/Programs/MiKTeX/fonts/type1/public/lm/lmmi12.pfb><C:/Users/hecto/AppData/Local/Programs/MiKTeX/fonts/type1/public/lm/lmmi6.pfb><C:/Users/hecto/AppData/Local/Programs/MiKTeX/fonts/type1/public/lm/lmmi7.pfb><C:/Users/hecto/AppData/Local/Programs/MiKTeX/fonts/type1/public/lm/lmmi8.pfb><C:/Users/hecto/AppData/Local/Programs/MiKTeX/fonts/type1/public/lm/lmr10.pfb><C:/Users/hecto/AppData/Local/Programs/MiKTeX/fonts/type1/public/lm/lmr12.pfb><C:/Users/hecto/AppData/Local/Programs/MiKTeX/fonts/type1/public/lm/lmr17.pfb><C:/Users/hecto/AppData/Local/Programs/MiKTeX/fonts/type1/public/lm/lmr6.pfb><C:/Users/hecto/AppData/Local/Programs/MiKTeX/fonts/type1/public/lm/lmr7.pfb><C:/Users/hecto/AppData/Local/Programs/MiKTeX/fonts/type1/public/lm/lmr8.pfb><C:/Users/hecto/AppData/Local/Programs/MiKTeX/fonts/type1/public/lm/lmri10.pfb><C:/Users/hecto/AppData/Local/Programs/MiKTeX/fonts/type1/public/lm/lmri12.pfb><C:/Users/hecto/AppData/Local/Programs/MiKTeX/fonts/type1/public/lm/lmri8.pfb><C:/Users/hecto/AppData/Local/Programs/MiKTeX/fonts/type1/public/lm/lmsy10.pfb><C:/Users/hecto/AppData/Local/Programs/MiKTeX/fonts/type1/public/lm/lmsy6.pfb><C:/Users/hecto/AppData/Local/Programs/MiKTeX/fonts/type1/public/lm/lmsy7.pfb><C:/Users/hecto/AppData/Local/Programs/MiKTeX/fonts/type1/public/lm/lmsy8.pfb><C:/Users/hecto/AppData/Local/Programs/MiKTeX/fonts/type1/public/lm/lmtt12.pfb><C:/Users/hecto/AppData/Local/Programs/MiKTeX/fonts/type1/public/amsfonts/symbols/msam10.pfb><C:/Users/hecto/AppData/Local/Programs/MiKTeX/fonts/type1/public/amsfonts/symbols/msbm10.pfb>
Output written on main.pdf (167 pages, 2590117 bytes).
PDF statistics:
 4126 PDF objects out of 4296 (max. 8388607)
 899 named destinations out of 1000 (max. 500000)
 875 words of extra memory for PDF output out of 10000 (max. 10000000)

