\BOOKMARK [0][-]{chapter*.2}{\376\377\000L\000i\000s\000t\000\040\000o\000f\000\040\000F\000i\000g\000u\000r\000e\000s}{}% 1
\BOOKMARK [0][-]{chapter*.3}{\376\377\000L\000i\000s\000t\000\040\000o\000f\000\040\000T\000a\000b\000l\000e\000s}{}% 2
\BOOKMARK [0][-]{chapter*.3}{\376\377\000N\000o\000t\000a\000t\000i\000o\000n}{}% 3
\BOOKMARK [0][-]{chapter*.4}{\376\377\000I\000n\000t\000r\000o\000d\000u\000c\000t\000i\000o\000n}{}% 4
\BOOKMARK [1][-]{section.0.1}{\376\377\000O\000b\000j\000e\000c\000t\000i\000v\000e\000\040\000a\000n\000d\000\040\000S\000c\000o\000p\000e}{chapter*.4}% 5
\BOOKMARK [1][-]{section.0.2}{\376\377\000A\000\040\000w\000o\000r\000t\000h\000y\000\040\000n\000o\000t\000e\000\040\000o\000n\000\040\000c\000o\000n\000t\000e\000x\000t}{chapter*.4}% 6
\BOOKMARK [-1][-]{part.1}{\376\377\000I\000\040\000F\000o\000u\000n\000d\000a\000t\000i\000o\000n\000s\000\040\000a\000n\000d\000\040\000C\000l\000a\000s\000s\000i\000c\000a\000l\000\040\000M\000o\000d\000e\000l\000s}{}% 7
\BOOKMARK [0][-]{chapter.1}{\376\377\000S\000t\000o\000c\000h\000a\000s\000t\000i\000c\000\040\000F\000o\000u\000n\000d\000a\000t\000i\000o\000n\000s}{part.1}% 8
\BOOKMARK [1][-]{section.1.1}{\376\377\000P\000r\000o\000b\000a\000b\000i\000l\000i\000s\000t\000i\000c\000\040\000P\000r\000e\000l\000i\000m\000i\000n\000a\000r\000i\000e\000s}{chapter.1}% 9
\BOOKMARK [2][-]{subsection.1.1.1}{\376\377\000P\000r\000o\000c\000e\000s\000s\000e\000s\000,\000\040\000f\000i\000l\000t\000r\000a\000t\000i\000o\000n\000s\000\040\000a\000n\000d\000\040\000s\000t\000o\000p\000p\000i\000n\000g\000\040\000t\000i\000m\000e\000s}{section.1.1}% 10
\BOOKMARK [2][-]{subsection.1.1.2}{\376\377\000F\000u\000n\000d\000a\000m\000e\000n\000t\000a\000l\000\040\000D\000i\000s\000t\000r\000i\000b\000u\000t\000i\000o\000n\000s}{section.1.1}% 11
\BOOKMARK [2][-]{subsection.1.1.3}{\376\377\000M\000a\000r\000k\000o\000v\000\040\000P\000r\000o\000c\000e\000s\000s\000e\000s}{section.1.1}% 12
\BOOKMARK [2][-]{subsection.1.1.4}{\376\377\000M\000a\000r\000t\000i\000n\000g\000a\000l\000e\000s\000,\000\040\000s\000e\000m\000i\000m\000a\000r\000t\000i\000n\000g\000a\000l\000e\000s\000\040\000a\000n\000d\000\040\000l\000o\000c\000a\000l\000\040\000m\000a\000r\000t\000i\000n\000g\000a\000l\000e\000s}{section.1.1}% 13
\BOOKMARK [2][-]{subsection.1.1.5}{\376\377\000B\000r\000o\000w\000n\000i\000a\000n\000\040\000M\000o\000t\000i\000o\000n}{section.1.1}% 14
\BOOKMARK [2][-]{subsection.1.1.6}{\376\377\000P\000a\000t\000h\000\040\000r\000e\000g\000u\000l\000a\000r\000i\000t\000y}{section.1.1}% 15
\BOOKMARK [1][-]{section.1.2}{\376\377\000S\000t\000o\000c\000h\000a\000s\000t\000i\000c\000\040\000C\000a\000l\000c\000u\000l\000u\000s}{chapter.1}% 16
\BOOKMARK [2][-]{subsection.1.2.1}{\376\377\000T\000h\000e\000\040\000I\000t\000\364\000\040\000I\000n\000t\000e\000g\000r\000a\000l}{section.1.2}% 17
\BOOKMARK [2][-]{subsection.1.2.2}{\376\377\000I\000t\000\364\000'\000s\000\040\000C\000h\000a\000i\000n\000\040\000R\000u\000l\000e}{section.1.2}% 18
\BOOKMARK [2][-]{subsection.1.2.3}{\376\377\000S\000t\000o\000c\000h\000a\000s\000t\000i\000c\000\040\000D\000i\000f\000f\000e\000r\000e\000n\000t\000i\000a\000l\000\040\000E\000q\000u\000a\000t\000i\000o\000n\000s}{section.1.2}% 19
\BOOKMARK [2][-]{subsection.1.2.4}{\376\377\000T\000h\000e\000\040\000m\000u\000l\000t\000i\000d\000i\000m\000e\000n\000s\000i\000o\000n\000a\000l\000\040\000c\000a\000s\000e}{section.1.2}% 20
\BOOKMARK [2][-]{subsection.1.2.5}{\376\377\000P\000r\000o\000b\000a\000b\000i\000l\000i\000t\000y\000\040\000m\000e\000a\000s\000u\000r\000e\000\040\000c\000h\000a\000n\000g\000e\000s}{section.1.2}% 21
\BOOKMARK [2][-]{subsection.1.2.6}{\376\377\000D\000i\000f\000f\000u\000s\000i\000o\000n\000s\000\040\000a\000n\000d\000\040\000t\000h\000e\000\040\000K\000o\000l\000m\000o\000g\000o\000r\000o\000v\000\040\000E\000q\000u\000a\000t\000i\000o\000n\000s}{section.1.2}% 22
\BOOKMARK [1][-]{section*.10}{\376\377\000N\000o\000t\000e\000s\000\040\000a\000n\000d\000\040\000r\000e\000f\000e\000r\000e\000n\000c\000e\000s}{chapter.1}% 23
\BOOKMARK [0][-]{chapter.2}{\376\377\000F\000i\000n\000a\000n\000c\000i\000a\000l\000\040\000F\000o\000u\000n\000d\000a\000t\000i\000o\000n\000s\000\040\000a\000n\000d\000\040\000C\000l\000a\000s\000s\000i\000c\000a\000l\000\040\000M\000o\000d\000e\000l\000s}{part.1}% 24
\BOOKMARK [1][-]{section.2.1}{\376\377\000F\000i\000n\000a\000n\000c\000i\000a\000l\000\040\000D\000e\000r\000i\000v\000a\000t\000i\000v\000e\000s}{chapter.2}% 25
\BOOKMARK [2][-]{subsection.2.1.1}{\376\377\000T\000h\000e\000\040\000C\000o\000n\000c\000e\000p\000t\000\040\000o\000f\000\040\000a\000\040\000D\000e\000r\000i\000v\000a\000t\000i\000v\000e}{section.2.1}% 26
\BOOKMARK [2][-]{subsection.2.1.2}{\376\377\000D\000e\000r\000i\000v\000a\000t\000i\000v\000e\000\040\000P\000r\000i\000c\000i\000n\000g}{section.2.1}% 27
\BOOKMARK [1][-]{section.2.2}{\376\377\000T\000h\000e\000\040\000B\000l\000a\000c\000k\040\023\000S\000c\000h\000o\000l\000e\000s\000\040\000F\000r\000a\000m\000e\000w\000o\000r\000k}{chapter.2}% 28
\BOOKMARK [2][-]{subsection.2.2.1}{\376\377\000T\000h\000e\000\040\000M\000o\000d\000e\000l}{section.2.2}% 29
\BOOKMARK [2][-]{subsection.2.2.2}{\376\377\000T\000h\000e\000\040\000F\000o\000r\000w\000a\000r\000d\000\040\000a\000n\000d\000\040\000P\000u\000t\040\023\000C\000a\000l\000l\000\040\000p\000a\000r\000i\000t\000y}{section.2.2}% 30
\BOOKMARK [2][-]{subsection.2.2.3}{\376\377\000I\000m\000p\000l\000i\000e\000d\000\040\000V\000o\000l\000a\000t\000i\000l\000i\000t\000y\000\040\000a\000n\000d\000\040\000t\000h\000e\000\040\000I\000n\000v\000e\000r\000s\000i\000o\000n\000\040\000P\000r\000o\000b\000l\000e\000m}{section.2.2}% 31
\BOOKMARK [2][-]{subsection.2.2.4}{\376\377\000S\000m\000i\000l\000e\000\040\000a\000n\000d\000\040\000S\000k\000e\000w\000n\000e\000s\000s}{section.2.2}% 32
\BOOKMARK [1][-]{section.2.3}{\376\377\000O\000t\000h\000e\000r\000\040\000R\000e\000l\000e\000v\000a\000n\000t\000\040\000M\000o\000d\000e\000l\000s}{chapter.2}% 33
\BOOKMARK [2][-]{subsection.2.3.1}{\376\377\000L\000o\000c\000a\000l\000\040\000V\000o\000l\000a\000t\000i\000l\000i\000t\000y\000\040\000M\000o\000d\000e\000l\000s}{section.2.3}% 34
\BOOKMARK [2][-]{subsection.2.3.2}{\376\377\000S\000t\000o\000c\000h\000a\000s\000t\000i\000c\000\040\000V\000o\000l\000a\000t\000i\000l\000i\000t\000y\000\040\000M\000o\000d\000e\000l\000s}{section.2.3}% 35
\BOOKMARK [2][-]{subsection.2.3.3}{\376\377\000P\000a\000t\000h\000-\000D\000e\000p\000e\000n\000d\000e\000n\000c\000e\000\040\000a\000n\000d\000\040\000A\000m\000e\000r\000i\000c\000a\000n\000\040\000O\000p\000t\000i\000o\000n\000s}{section.2.3}% 36
\BOOKMARK [1][-]{section*.24}{\376\377\000N\000o\000t\000e\000s\000\040\000a\000n\000d\000\040\000r\000e\000f\000e\000r\000e\000n\000c\000e\000s}{chapter.2}% 37
\BOOKMARK [-1][-]{part.2}{\376\377\000I\000I\000\040\000M\000o\000d\000e\000r\000n\000\040\000A\000p\000p\000r\000o\000a\000c\000h\000e\000s}{}% 38
\BOOKMARK [0][-]{chapter.3}{\376\377\000R\000o\000u\000g\000h\000\040\000P\000a\000t\000h\000s}{part.2}% 39
\BOOKMARK [1][-]{section.3.1}{\376\377\000I\000n\000t\000r\000o\000d\000u\000c\000t\000i\000o\000n}{chapter.3}% 40
\BOOKMARK [2][-]{subsection.3.1.1}{\376\377\000F\000r\000a\000c\000t\000i\000o\000n\000a\000l\000\040\000B\000r\000o\000w\000n\000i\000a\000n\000\040\000M\000o\000t\000i\000o\000n}{section.3.1}% 41
\BOOKMARK [2][-]{subsection.3.1.2}{\376\377\000V\000o\000l\000a\000t\000i\000l\000i\000t\000y\000\040\000i\000s\000\040\000R\000o\000u\000g\000h}{section.3.1}% 42
\BOOKMARK [2][-]{subsection.3.1.3}{\376\377\000W\000h\000a\000t\000\040\000F\000a\000i\000l\000s\000,\000\040\000a\000n\000d\000\040\000W\000h\000y}{section.3.1}% 43
\BOOKMARK [1][-]{section.3.2}{\376\377\000R\000o\000u\000g\000h\000\040\000P\000a\000t\000h\000s}{chapter.3}% 44
\BOOKMARK [2][-]{subsection.3.2.1}{\376\377\000T\000e\000n\000s\000o\000r\000\040\000S\000p\000a\000c\000e\000s}{section.3.2}% 45
\BOOKMARK [2][-]{subsection.3.2.2}{\376\377\000T\000h\000e\000\040\000M\000u\000l\000t\000i\000p\000l\000i\000c\000a\000t\000i\000v\000e\000\040\000P\000r\000o\000p\000e\000r\000t\000y}{section.3.2}% 46
\BOOKMARK [2][-]{subsection.3.2.3}{\376\377\000T\000y\000p\000e\000s\000\040\000o\000f\000\040\000R\000o\000u\000g\000h\000\040\000P\000a\000t\000h\000s}{section.3.2}% 47
\BOOKMARK [1][-]{section.3.3}{\376\377\000F\000u\000n\000d\000a\000m\000e\000n\000t\000a\000l\000\040\000R\000e\000s\000u\000l\000t\000s}{chapter.3}% 48
\BOOKMARK [2][-]{subsection.3.3.1}{\376\377\000I\000n\000t\000e\000g\000r\000a\000t\000i\000o\000n}{section.3.3}% 49
\BOOKMARK [2][-]{subsection.3.3.2}{\376\377\000D\000i\000f\000f\000e\000r\000e\000n\000t\000i\000a\000l\000\040\000E\000q\000u\000a\000t\000i\000o\000n\000s}{section.3.3}% 50
\BOOKMARK [2][-]{subsection.3.3.3}{\376\377\000E\000x\000i\000s\000t\000e\000n\000c\000e}{section.3.3}% 51
\BOOKMARK [2][-]{subsection.3.3.4}{\376\377\000U\000n\000i\000q\000u\000e\000n\000e\000s\000s\000\040\000a\000n\000d\000\040\000C\000o\000n\000t\000i\000n\000u\000i\000t\000y}{section.3.3}% 52
\BOOKMARK [1][-]{section.3.4}{\376\377\000T\000h\000e\000\040\000S\000i\000g\000n\000a\000t\000u\000r\000e\000\040\000T\000r\000a\000n\000s\000f\000o\000r\000m}{chapter.3}% 53
\BOOKMARK [1][-]{section.3.5}{\376\377\000R\000o\000u\000g\000h\000\040\000M\000o\000d\000e\000l\000s}{chapter.3}% 54
\BOOKMARK [2][-]{subsection.3.5.1}{\376\377\000R\000o\000u\000g\000h\000\040\000G\000e\000o\000m\000e\000t\000r\000i\000c\000\040\000B\000r\000o\000w\000n\000i\000a\000n\000\040\000M\000o\000t\000i\000o\000n}{section.3.5}% 55
\BOOKMARK [2][-]{subsection.3.5.2}{\376\377\000T\000h\000e\000\040\000o\000p\000t\000i\000m\000a\000l\000\040\000e\000x\000e\000c\000u\000t\000i\000o\000n\000\040\000p\000r\000o\000b\000l\000e\000m}{section.3.5}% 56
\BOOKMARK [2][-]{subsection.3.5.3}{\376\377\000S\000c\000h\000e\000d\000u\000l\000e\000s\000\040\000a\000s\000\040\000l\000i\000n\000e\000a\000r\000\040\000f\000u\000n\000c\000t\000i\000o\000n\000a\000l\000s\000\040\000o\000f\000\040\000t\000h\000e\000\040\000s\000i\000g\000n\000a\000t\000u\000r\000e}{section.3.5}% 57
\BOOKMARK [2][-]{subsection.3.5.4}{\376\377\000T\000w\000o\000\040\000a\000s\000s\000e\000t\000s\000:\000\040\000t\000h\000e\000\040\000L\000\351\000v\000y\000\040\000a\000r\000e\000a}{section.3.5}% 58
\BOOKMARK [1][-]{section*.25}{\376\377\000N\000o\000t\000e\000s\000\040\000a\000n\000d\000\040\000r\000e\000f\000e\000r\000e\000n\000c\000e\000s}{chapter.3}% 59
\BOOKMARK [0][-]{chapter.4}{\376\377\000A\000p\000p\000l\000i\000c\000a\000t\000i\000o\000n\000s}{part.2}% 60
\BOOKMARK [1][-]{section.4.1}{\376\377\000C\000a\000l\000i\000b\000r\000a\000t\000i\000o\000n\000\040\000o\000f\000\040\000a\000n\000\040\000I\000m\000p\000l\000i\000e\000d\000\040\000V\000o\000l\000a\000t\000i\000l\000i\000t\000y\000\040\000S\000u\000r\000f\000a\000c\000e\000\040\000w\000i\000t\000h\000\040\000a\000\040\000P\000I\000N\000N}{chapter.4}% 61
\BOOKMARK [2][-]{subsection.4.1.1}{\376\377\000T\000h\000e\000\040\000A\000n\000a\000l\000y\000t\000i\000c\000\040\000W\000i\000n\000g\000s}{section.4.1}% 62
\BOOKMARK [2][-]{subsection.4.1.2}{\376\377\000S\000m\000o\000o\000t\000h\000n\000e\000s\000s\000\040\000A\000c\000r\000o\000s\000s\000\040\000t\000h\000e\000\040\000F\000r\000o\000n\000t\000i\000e\000r\000s}{section.4.1}% 63
\BOOKMARK [2][-]{subsection.4.1.3}{\376\377\000T\000h\000e\000\040\000C\000o\000r\000e\000\040\000N\000e\000t\000w\000o\000r\000k\000\040\000a\000n\000d\000\040\000E\000x\000a\000c\000t\000\040\000D\000e\000r\000i\000v\000a\000t\000i\000v\000e\000s}{section.4.1}% 64
\BOOKMARK [2][-]{subsection.4.1.4}{\376\377\000T\000h\000e\000\040\000O\000b\000j\000e\000c\000t\000i\000v\000e}{section.4.1}% 65
\BOOKMARK [2][-]{subsection.4.1.5}{\376\377\000C\000o\000l\000l\000o\000c\000a\000t\000i\000o\000n\000,\000\040\000S\000a\000m\000p\000l\000i\000n\000g\000\040\000a\000n\000d\000\040\000t\000h\000e\000\040\000O\000p\000t\000i\000m\000i\000s\000e\000r}{section.4.1}% 66
\BOOKMARK [2][-]{subsection.4.1.6}{\376\377\000H\000y\000p\000e\000r\000p\000a\000r\000a\000m\000e\000t\000e\000r\000s}{section.4.1}% 67
\BOOKMARK [2][-]{subsection.4.1.7}{\376\377\000D\000i\000a\000g\000n\000o\000s\000t\000i\000c\000s}{section.4.1}% 68
\BOOKMARK [2][-]{subsection.4.1.8}{\376\377\000R\000e\000s\000u\000l\000t\000s}{section.4.1}% 69
\BOOKMARK [1][-]{section.4.2}{\376\377\000C\000a\000l\000i\000b\000r\000a\000t\000i\000o\000n\000\040\000t\000o\000\040\000R\000o\000u\000g\000h\000\040\000H\000e\000s\000t\000o\000n}{chapter.4}% 70
\BOOKMARK [2][-]{subsection.4.2.1}{\376\377\000T\000h\000e\000\040\000o\000b\000j\000e\000c\000t\000i\000v\000e}{section.4.2}% 71
\BOOKMARK [2][-]{subsection.4.2.2}{\376\377\000R\000e\000s\000u\000l\000t\000s}{section.4.2}% 72
\BOOKMARK [2][-]{subsection.4.2.3}{\376\377\000W\000h\000a\000t\000\040\000t\000h\000e\000\040\000s\000u\000r\000f\000a\000c\000e\000\040\000c\000a\000n\000\040\000a\000n\000d\000\040\000c\000a\000n\000n\000o\000t\000\040\000i\000d\000e\000n\000t\000i\000f\000y}{section.4.2}% 73
\BOOKMARK [2][-]{subsection.4.2.4}{\376\377\000P\000l\000a\000n\000t\000i\000n\000g\000\040\000a\000\040\000k\000n\000o\000w\000n\000\040\000H\000u\000r\000s\000t\000\040\000i\000n\000d\000e\000x}{section.4.2}% 74
\BOOKMARK [2][-]{subsection.4.2.5}{\376\377\000T\000h\000e\000\040\000s\000a\000m\000e\000\040\000b\000o\000o\000k\000\040\000a\000s\000\040\000\247\0004\000.\0001}{section.4.2}% 75
\BOOKMARK [1][-]{section.4.3}{\376\377\000T\000h\000e\000\040\000L\000\351\000v\000y\000\040\000A\000r\000e\000a\000\040\000o\000f\000\040\000a\000n\000\040\000I\000n\000d\000e\000x\000\040\000P\000a\000i\000r}{chapter.4}% 76
\BOOKMARK [2][-]{subsection.4.3.1}{\376\377\000T\000h\000e\000\040\000d\000a\000t\000a}{section.4.3}% 77
\BOOKMARK [2][-]{subsection.4.3.2}{\376\377\000T\000h\000e\000\040\000t\000h\000r\000e\000e\000\040\000e\000x\000a\000c\000t\000\040\000i\000d\000e\000n\000t\000i\000t\000i\000e\000s}{section.4.3}% 78
\BOOKMARK [2][-]{subsection.4.3.3}{\376\377\000C\000a\000l\000i\000b\000r\000a\000t\000i\000n\000g\000\040\000t\000h\000e\000\040\000i\000n\000s\000t\000r\000u\000m\000e\000n\000t\000:\000\040\000a\000\040\000l\000a\000g\000\040\000s\000c\000a\000n}{section.4.3}% 79
\BOOKMARK [2][-]{subsection.4.3.4}{\376\377\000T\000h\000e\000\040\000c\000l\000a\000s\000s\000i\000c\000a\000l\000\040\000r\000o\000u\000t\000e\000,\000\040\000a\000n\000d\000\040\000w\000h\000y\000\040\000i\000t\000\040\000a\000g\000r\000e\000e\000s}{section.4.3}% 80
\BOOKMARK [1][-]{section*.55}{\376\377\000N\000o\000t\000e\000s\000\040\000a\000n\000d\000\040\000r\000e\000f\000e\000r\000e\000n\000c\000e\000s}{chapter.4}% 81
\BOOKMARK [0][-]{chapter*.56}{\376\377\000C\000o\000n\000c\000l\000u\000s\000i\000o\000n\000s}{part.2}% 82
\BOOKMARK [0][-]{appendix.A}{\376\377\000A\000u\000x\000i\000l\000i\000a\000r\000y\000\040\000R\000e\000s\000u\000l\000t\000s}{part.2}% 83
\BOOKMARK [1][-]{section.A.1}{\376\377\000C\000o\000m\000p\000l\000e\000m\000e\000n\000t\000s\000\040\000o\000n\000\040\000c\000o\000n\000d\000i\000t\000i\000o\000n\000a\000l\000\040\000e\000x\000p\000e\000c\000t\000a\000t\000i\000o\000n}{appendix.A}% 84
\BOOKMARK [1][-]{section.A.2}{\376\377\000C\000h\000a\000r\000a\000c\000t\000e\000r\000i\000s\000t\000i\000c\000\040\000f\000u\000n\000c\000t\000i\000o\000n\000s}{appendix.A}% 85
\BOOKMARK [1][-]{section.A.3}{\376\377\000M\000o\000m\000e\000n\000t\000\040\000i\000n\000d\000e\000t\000e\000r\000m\000i\000n\000a\000c\000y\000\040\000o\000f\000\040\000t\000h\000e\000\040\000l\000o\000g\000-\000n\000o\000r\000m\000a\000l\000\040\000l\000a\000w}{appendix.A}% 86
\BOOKMARK [1][-]{section.A.4}{\376\377\000G\000r\000\366\000n\000w\000a\000l\000l\000'\000s\000\040\000i\000n\000e\000q\000u\000a\000l\000i\000t\000y}{appendix.A}% 87
\BOOKMARK [1][-]{section.A.5}{\376\377\000R\000a\000d\000o\000n\040\023\000N\000i\000k\000o\000d\000y\000m\000\040\000a\000n\000d\000\040\000t\000h\000e\000\040\000J\000o\000r\000d\000a\000n\000\040\000d\000e\000c\000o\000m\000p\000o\000s\000i\000t\000i\000o\000n}{appendix.A}% 88
\BOOKMARK [1][-]{section.A.6}{\376\377\000U\000n\000i\000f\000o\000r\000m\000\040\000i\000n\000t\000e\000g\000r\000a\000b\000i\000l\000i\000t\000y\000\040\000a\000n\000d\000\040\000t\000h\000e\000\040\000c\000l\000a\000s\000s\000\040\000D}{appendix.A}% 89
\BOOKMARK [1][-]{section.A.7}{\376\377\000T\000h\000e\000\040\000e\000s\000s\000e\000n\000t\000i\000a\000l\000\040\000s\000u\000p\000r\000e\000m\000u\000m\000\040\000o\000f\000\040\000a\000\040\000f\000a\000m\000i\000l\000y\000\040\000o\000f\000\040\000r\000a\000n\000d\000o\000m\000\040\000v\000a\000r\000i\000a\000b\000l\000e\000s}{appendix.A}% 90
\BOOKMARK [0][-]{appendix.B}{\376\377\000D\000e\000f\000e\000r\000r\000e\000d\000\040\000P\000r\000o\000o\000f\000s}{part.2}% 91
\BOOKMARK [1][-]{section.B.1}{\376\377\000D\000o\000o\000b\000'\000s\000\040\000s\000u\000b\000m\000a\000r\000t\000i\000n\000g\000a\000l\000e\000\040\000i\000n\000e\000q\000u\000a\000l\000i\000t\000y}{appendix.B}% 92
\BOOKMARK [1][-]{section.B.2}{\376\377\000D\000e\000n\000s\000i\000t\000y\000\040\000o\000f\000\040\000s\000t\000e\000p\000\040\000p\000r\000o\000c\000e\000s\000s\000e\000s\000\040\000i\000n\000\040\000L\0002\000a\000d\000\050\000[\0000\000,\000T\000]\000\040\000x\000\040\000O\000m\000e\000g\000a\000\051}{appendix.B}% 93
\BOOKMARK [1][-]{section.B.3}{\376\377\000C\000o\000n\000t\000i\000n\000u\000i\000t\000y\000\040\000o\000f\000\040\000t\000h\000e\000\040\000s\000a\000m\000p\000l\000e\000\040\000p\000a\000t\000h\000s\000\040\000o\000f\000\040\000a\000n\000\040\000I\000t\000\364\000\040\000i\000n\000t\000e\000g\000r\000a\000l}{appendix.B}% 94
\BOOKMARK [1][-]{section.B.4}{\376\377\000T\000h\000e\000\040\000I\000t\000\364\000\040\000i\000n\000t\000e\000g\000r\000a\000l\000\040\000a\000s\000\040\000a\000\040\000l\000i\000m\000i\000t\000\040\000o\000f\000\040\000R\000i\000e\000m\000a\000n\000n\000\040\000s\000u\000m\000s}{appendix.B}% 95
\BOOKMARK [1][-]{section.B.5}{\376\377\000L\000\351\000v\000y\000'\000s\000\040\000c\000h\000a\000r\000a\000c\000t\000e\000r\000i\000s\000a\000t\000i\000o\000n\000\040\000t\000h\000e\000o\000r\000e\000m}{appendix.B}% 96
\BOOKMARK [1][-]{section.B.6}{\376\377\000G\000i\000r\000s\000a\000n\000o\000v\000'\000s\000\040\000t\000h\000e\000o\000r\000e\000m}{appendix.B}% 97
\BOOKMARK [1][-]{section.B.7}{\376\377\000T\000h\000e\000\040\000s\000e\000w\000i\000n\000g\000\040\000l\000e\000m\000m\000a}{appendix.B}% 98
\BOOKMARK [1][-]{section.B.8}{\376\377\000G\000u\000b\000i\000n\000e\000l\000l\000i\000'\000s\000\040\000i\000n\000t\000e\000g\000r\000a\000t\000i\000o\000n\000\040\000t\000h\000e\000o\000r\000e\000m}{appendix.B}% 99
\BOOKMARK [1][-]{section.B.9}{\376\377\000E\000x\000i\000s\000t\000e\000n\000c\000e\000\040\000\046\000\040\000u\000n\000i\000q\000u\000e\000n\000e\000s\000s\000\040\000\050\000r\000o\000u\000g\000h\000\040\000d\000i\000f\000f\000e\000r\000e\000n\000t\000i\000a\000l\000\040\000e\000q\000u\000a\000t\000i\000o\000n\000s\000\051}{appendix.B}% 100
\BOOKMARK [1][-]{section.B.10}{\376\377\000C\000o\000n\000t\000i\000n\000u\000i\000t\000y\000\040\000o\000f\000\040\000t\000h\000e\000\040\000I\000t\000\364\040\023\000L\000y\000o\000n\000s\000\040\000m\000a\000p}{appendix.B}% 101
\BOOKMARK [1][-]{section.B.11}{\376\377\000M\000o\000n\000o\000t\000o\000n\000e\000\040\000d\000e\000n\000s\000i\000t\000y\000\040\000a\000l\000o\000n\000g\000\040\000a\000\040\000r\000i\000s\000i\000n\000g\000\040\000w\000i\000n\000g}{appendix.B}% 102
\BOOKMARK [0][-]{appendix*.57}{\376\377\000B\000i\000b\000l\000i\000o\000g\000r\000a\000p\000h\000y}{part.2}% 103
