warm start from start_params.txt
starting point:
   v0     =  0.02352
   theta  =  0.05640
   lam    =  3.12922
   xi     =  1.13829
   rho    = -0.73653
   H      =  0.49000
   Phi(N=300) = 143960.46

   H = 0.490   Phi =   76782.91   Phi/n =  31.794   (  209 s)
   H = 0.452   Phi =   79761.56   Phi/n =  33.028   (  391 s)
   H = 0.413   Phi =   83581.60   Phi/n =  34.609   (  585 s)
   H = 0.375   Phi =   88115.35   Phi/n =  36.487   (  785 s)
   H = 0.337   Phi =   93278.27   Phi/n =  38.625   (  977 s)
   H = 0.298   Phi =   99004.76   Phi/n =  40.996   ( 1161 s)
   H = 0.260   Phi =  106778.52   Phi/n =  44.215   ( 1361 s)
   H = 0.222   Phi =  120986.56   Phi/n =  50.098   (19960 s)
   H = 0.183   Phi =  141649.13   Phi/n =  58.654   (20167 s)
   H = 0.145   Phi =  168128.82   Phi/n =  69.619   (20371 s)
   H = 0.107   Phi =  200036.78   Phi/n =  82.831   (20570 s)
   H = 0.068   Phi =  237070.36   Phi/n =  98.166   (20765 s)
   H = 0.030   Phi =  279291.10   Phi/n = 115.648   (20949 s)

minimum of the profile at H = 0.4900, Phi/n = 31.794
wrote H_profile.csv
